Component: ARM Compiler 5.06 update 4 (build 422) Tool: armlink [4d35d2]

==============================================================================

Section Cross References

    6021.o(i.main) refers to io.o(i.SYSCLK_Init) for SYSCLK_Init
    6021.o(i.main) refers to io.o(i.GPIO_Init_DW) for GPIO_Init_DW
    6021.o(i.main) refers to lcd.o(i.LCD_Init) for LCD_Init
    6021.o(i.main) refers to dz.o(i.RDZ) for RDZ
    6021.o(i.main) refers to dz.o(i.RSYS) for RSYS
    6021.o(i.main) refers to dz.o(i.RCON) for RCON
    6021.o(i.main) refers to dz.o(i.RSOEnum) for RSOEnum
    6021.o(i.main) refers to adc.o(i.ADC1_Config) for ADC1_Config
    6021.o(i.main) refers to yc.o(i.F_Init) for F_Init
    6021.o(i.main) refers to modbusrtu.o(i.Modbus_init) for Modbus_init
    6021.o(i.main) refers to protection.o(i.protection_Init) for protection_Init
    6021.o(i.main) refers to io.o(i.YX_init) for YX_init
    6021.o(i.main) refers to menu.o(i.DisBBH) for DisBBH
    6021.o(i.main) refers to w5500s.o(i.w5500_init) for w5500_init
    6021.o(i.main) refers to delay.o(i.Delay) for Delay
    6021.o(i.main) refers to lcd.o(i.LCDclear) for LCDclear
    6021.o(i.main) refers to menu.o(i.DisMainMenu0) for DisMainMenu0
    6021.o(i.main) refers to menu.o(i.DisYC) for DisYC
    6021.o(i.main) refers to menu.o(i.menusub) for menusub
    6021.o(i.main) refers to stm32f10x_gpio.o(i.GPIO_SetBits) for GPIO_SetBits
    6021.o(i.main) refers to stm32f10x_gpio.o(i.GPIO_ResetBits) for GPIO_ResetBits
    6021.o(i.main) refers to dz.o(i.Rtime) for Rtime
    6021.o(i.main) refers to lcd.o(i.LCDWchar) for LCDWchar
    6021.o(i.main) refers to w5500s.o(i.w5500_cycle) for w5500_cycle
    6021.o(i.main) refers to stm32f10x_iwdg.o(i.IWDG_ReloadCounter) for IWDG_ReloadCounter
    6021.o(i.main) refers to soe.o(.data) for LightTime
    6021.o(i.main) refers to bianliang.o(.bss) for pFdata
    6021.o(i.main) refers to bianliang.o(.data) for DisSOEbit
    6021.o(i.main) refers to w5500.o(.data) for W5500_Interrupt
    stm32f10x_it.o(i.DMA1_Channel1_IRQHandler) refers to yc.o(i.RYC) for RYC
    stm32f10x_it.o(i.TIM1_CC_IRQHandler) refers to stm32f10x_tim.o(i.TIM_ClearITPendingBit) for TIM_ClearITPendingBit
    stm32f10x_it.o(i.TIM1_CC_IRQHandler) refers to stm32f10x_adc.o(i.ADC_SoftwareStartConvCmd) for ADC_SoftwareStartConvCmd
    stm32f10x_it.o(i.TIM4_IRQHandler) refers to yc.o(i.F) for F
    adc.o(i.ADC1_Config) refers to misc.o(i.NVIC_SetVectorTable) for NVIC_SetVectorTable
    adc.o(i.ADC1_Config) refers to misc.o(i.NVIC_PriorityGroupConfig) for NVIC_PriorityGroupConfig
    adc.o(i.ADC1_Config) refers to misc.o(i.NVIC_Init) for NVIC_Init
    adc.o(i.ADC1_Config) refers to stm32f10x_rcc.o(i.RCC_APB2PeriphClockCmd) for RCC_APB2PeriphClockCmd
    adc.o(i.ADC1_Config) refers to stm32f10x_tim.o(i.TIM_DeInit) for TIM_DeInit
    adc.o(i.ADC1_Config) refers to stm32f10x_tim.o(i.TIM_TimeBaseStructInit) for TIM_TimeBaseStructInit
    adc.o(i.ADC1_Config) refers to stm32f10x_tim.o(i.TIM_TimeBaseInit) for TIM_TimeBaseInit
    adc.o(i.ADC1_Config) refers to stm32f10x_tim.o(i.TIM_OC1Init) for TIM_OC1Init
    adc.o(i.ADC1_Config) refers to stm32f10x_rcc.o(i.RCC_AHBPeriphClockCmd) for RCC_AHBPeriphClockCmd
    adc.o(i.ADC1_Config) refers to stm32f10x_dma.o(i.DMA_DeInit) for DMA_DeInit
    adc.o(i.ADC1_Config) refers to stm32f10x_dma.o(i.DMA_Init) for DMA_Init
    adc.o(i.ADC1_Config) refers to stm32f10x_dma.o(i.DMA_ITConfig) for DMA_ITConfig
    adc.o(i.ADC1_Config) refers to stm32f10x_dma.o(i.DMA_Cmd) for DMA_Cmd
    adc.o(i.ADC1_Config) refers to stm32f10x_adc.o(i.ADC_Init) for ADC_Init
    adc.o(i.ADC1_Config) refers to stm32f10x_adc.o(i.ADC_RegularChannelConfig) for ADC_RegularChannelConfig
    adc.o(i.ADC1_Config) refers to stm32f10x_adc.o(i.ADC_ExternalTrigConvCmd) for ADC_ExternalTrigConvCmd
    adc.o(i.ADC1_Config) refers to stm32f10x_adc.o(i.ADC_DMACmd) for ADC_DMACmd
    adc.o(i.ADC1_Config) refers to stm32f10x_adc.o(i.ADC_Cmd) for ADC_Cmd
    adc.o(i.ADC1_Config) refers to stm32f10x_adc.o(i.ADC_ResetCalibration) for ADC_ResetCalibration
    adc.o(i.ADC1_Config) refers to stm32f10x_adc.o(i.ADC_GetResetCalibrationStatus) for ADC_GetResetCalibrationStatus
    adc.o(i.ADC1_Config) refers to stm32f10x_adc.o(i.ADC_StartCalibration) for ADC_StartCalibration
    adc.o(i.ADC1_Config) refers to stm32f10x_adc.o(i.ADC_GetCalibrationStatus) for ADC_GetCalibrationStatus
    adc.o(i.ADC1_Config) refers to stm32f10x_tim.o(i.TIM_Cmd) for TIM_Cmd
    adc.o(i.ADC1_Config) refers to stm32f10x_tim.o(i.TIM_CtrlPWMOutputs) for TIM_CtrlPWMOutputs
    adc.o(i.ADC1_Config) refers to stm32f10x_dma.o(i.DMA_ClearFlag) for DMA_ClearFlag
    adc.o(i.ADC1_Config) refers to adc.o(.bss) for AD_Value
    adc.o(i.F_PB7_Init) refers to misc.o(i.NVIC_Init) for NVIC_Init
    adc.o(i.F_PB7_Init) refers to stm32f10x_gpio.o(i.GPIO_EXTILineConfig) for GPIO_EXTILineConfig
[...]
    i.SPI_I2S_SendData                       0x08003a38   Section        0  stm32f10x_spi.o(i.SPI_I2S_SendData)
    i.SPI_Init                               0x08003a3c   Section        0  stm32f10x_spi.o(i.SPI_Init)
    i.SVC_Handler                            0x08003a78   Section        0  stm32f10x_it.o(i.SVC_Handler)
    i.SYSCLK_Init                            0x08003a7c   Section        0  io.o(i.SYSCLK_Init)
    i.SetSysClock                            0x08003ac8   Section        0  system_stm32f10x.o(i.SetSysClock)
    SetSysClock                              0x08003ac9   Thumb Code     8  system_stm32f10x.o(i.SetSysClock)
    i.SetSysClockTo72                        0x08003ad0   Section        0  system_stm32f10x.o(i.SetSysClockTo72)
    SetSysClockTo72                          0x08003ad1   Thumb Code   214  system_stm32f10x.o(i.SetSysClockTo72)
    i.Socket_Connect                         0x08003bb0   Section        0  w5500.o(i.Socket_Connect)
    i.Socket_Init                            0x08003bf8   Section        0  w5500.o(i.Socket_Init)
    i.Socket_Listen                          0x08003c48   Section        0  w5500.o(i.Socket_Listen)
    i.Socket_UDP                             0x08003cae   Section        0  w5500.o(i.Socket_UDP)
    i.SysTick_Handler                        0x08003cea   Section        0  stm32f10x_it.o(i.SysTick_Handler)
    i.SystemInit                             0x08003cec   Section        0  system_stm32f10x.o(i.SystemInit)
    i.System_Initialization                  0x08003d4c   Section        0  w5500s.o(i.System_Initialization)
    i.TCP_Get_TXdata                         0x08003d5c   Section        0  modbustcp.o(i.TCP_Get_TXdata)
    i.TIM1_CC_IRQHandler                     0x08003db4   Section        0  stm32f10x_it.o(i.TIM1_CC_IRQHandler)
    i.TIM2_IRQHandler                        0x08003dd0   Section        0  w5500s.o(i.TIM2_IRQHandler)
    i.TIM4_IRQHandler                        0x08003e04   Section        0  stm32f10x_it.o(i.TIM4_IRQHandler)
    i.TIM_ClearITPendingBit                  0x08003e1c   Section        0  stm32f10x_tim.o(i.TIM_ClearITPendingBit)
    i.TIM_Cmd                                0x08003e22   Section        0  stm32f10x_tim.o(i.TIM_Cmd)
    i.TIM_CtrlPWMOutputs                     0x08003e3a   Section        0  stm32f10x_tim.o(i.TIM_CtrlPWMOutputs)
    i.TIM_DeInit                             0x08003e58   Section        0  stm32f10x_tim.o(i.TIM_DeInit)
    i.TIM_GetITStatus                        0x08004040   Section        0  stm32f10x_tim.o(i.TIM_GetITStatus)
    i.TIM_InternalClockConfig                0x08004062   Section        0  stm32f10x_tim.o(i.TIM_InternalClockConfig)
    i.TIM_OC1Init                            0x08004070   Section        0  stm32f10x_tim.o(i.TIM_OC1Init)
    i.TIM_TimeBaseInit                       0x08004108   Section        0  stm32f10x_tim.o(i.TIM_TimeBaseInit)
    i.TIM_TimeBaseStructInit                 0x080041ac   Section        0  stm32f10x_tim.o(i.TIM_TimeBaseStructInit)
    i.TWI_Ack                                0x080041c0   Section        0  i2c.o(i.TWI_Ack)
    i.TWI_NoAck                              0x08004204   Section        0  i2c.o(i.TWI_NoAck)
    i.TWI_ReceiveByte                        0x08004248   Section        0  i2c.o(i.TWI_ReceiveByte)
    i.TWI_SendByte                           0x080042a4   Section        0  i2c.o(i.TWI_SendByte)
    i.TWI_Start                              0x08004308   Section        0  i2c.o(i.TWI_Start)
    i.TWI_Stop                               0x0800436c   Section        0  i2c.o(i.TWI_Stop)
    i.TWI_WaitAck                            0x080043a8   Section        0  i2c.o(i.TWI_WaitAck)
    i.TZ_Action                              0x08004400   Section        0  protection.o(i.TZ_Action)
    i.TZ_Reset                               0x08004438   Section        0  protection.o(i.TZ_Reset)
    i.TZ_out                                 0x08004460   Section        0  protection.o(i.TZ_out)
    i.USART1_IRQHandler                      0x080044e0   Section        0  modbusrtu.o(i.USART1_IRQHandler)
    i.USART_ClearFlag                        0x08004584   Section        0  stm32f10x_usart.o(i.USART_ClearFlag)
    i.USART_ClearITPendingBit                0x08004596   Section        0  stm32f10x_usart.o(i.USART_ClearITPendingBit)
    i.USART_Cmd                              0x080045b4   Section        0  stm32f10x_usart.o(i.USART_Cmd)
    i.USART_DMACmd                           0x080045cc   Section        0  stm32f10x_usart.o(i.USART_DMACmd)
    i.USART_GetFlagStatus                    0x080045de   Section        0  stm32f10x_usart.o(i.USART_GetFlagStatus)
    i.USART_GetITStatus                      0x080045f8   Section        0  stm32f10x_usart.o(i.USART_GetITStatus)
    i.USART_ITConfig                         0x0800464c   Section        0  stm32f10x_usart.o(i.USART_ITConfig)
    i.USART_Init                             0x08004698   Section        0  stm32f10x_usart.o(i.USART_Init)
    i.USART_SendData                         0x08004770   Section        0  stm32f10x_usart.o(i.USART_SendData)
    i.UsageFault_Handler                     0x08004778   Section        0  stm32f10x_it.o(i.UsageFault_Handler)
    i.W5500_GPIO_Configuration               0x0800477c   Section        0  w5500.o(i.W5500_GPIO_Configuration)
    i.W5500_Hardware_Reset                   0x080047ec   Section        0  w5500.o(i.W5500_Hardware_Reset)
    i.W5500_Init                             0x08004814   Section        0  w5500.o(i.W5500_Init)
    i.W5500_Initialization                   0x080048ac   Section        0  w5500s.o(i.W5500_Initialization)
    i.W5500_Interrupt_Process                0x080048bc   Section        0  w5500.o(i.W5500_Interrupt_Process)
    i.W5500_NVIC_Configuration               0x08004980   Section        0  w5500.o(i.W5500_NVIC_Configuration)
    i.W5500_Socket_Set                       0x080049a0   Section        0  w5500s.o(i.W5500_Socket_Set)
    i.WDZ                                    0x08004a0c   Section        0  dz.o(i.WDZ)
    i.WSOE                                   0x08004a74   Section        0  soe.o(i.WSOE)
    i.WSYS                                   0x08004ba0   Section        0  dz.o(i.WSYS)
    i.Wcon                                   0x08004d8c   Section        0  dz.o(i.Wcon)
    i.Wpw                                    0x08004dc8   Section        0  dz.o(i.Wpw)
    i.Write_SOCK_Data_Buffer                 0x08004de8   Section        0  w5500.o(i.Write_SOCK_Data_Buffer)
    i.Write_W5500_1Byte                      0x08004efc   Section        0  w5500.o(i.Write_W5500_1Byte)
    i.Write_W5500_2Byte                      0x08004f30   Section        0  w5500.o(i.Write_W5500_2Byte)
    i.Write_W5500_SOCK_1Byte                 0x08004f64   Section        0  w5500.o(i.Write_W5500_SOCK_1Byte)
    i.Write_W5500_SOCK_2Byte                 0x08004fa4   Section        0  w5500.o(i.Write_W5500_SOCK_2Byte)
    i.Write_W5500_SOCK_4Byte                 0x08004fe4   Section        0  w5500.o(i.Write_W5500_SOCK_4Byte)
    i.Write_W5500_nByte                      0x0800503c   Section        0  w5500.o(i.Write_W5500_nByte)
    i.Wtime                                  0x08005084   Section        0  dz.o(i.Wtime)
    i.YCDFT                                  0x080050fc   Section        0  yc.o(i.YCDFT)
    i.YC_data                                0x08006490   Section        0  modbus.o(i.YC_data)
    i.YK_data                                0x08006598   Section        0  modbus.o(i.YK_data)
    i.YT_data                                0x08006654   Section        0  modbus.o(i.YT_data)
    i.YXSOE                                  0x080067bc   Section        0  io.o(i.YXSOE)
    i.YX_data                                0x080067ec   Section        0  modbus.o(i.YX_data)
    i.YX_init                                0x08006844   Section        0  io.o(i.YX_init)
    i.__ARM_fpclassify                       0x08006a70   Section        0  fpclassify.o(i.__ARM_fpclassify)
    i.__ieee754_rem_pio2                     0x08006a98   Section        0  rred.o(i.__ieee754_rem_pio2)
    i.__kernel_cos                           0x08006e20   Section        0  cos_i.o(i.__kernel_cos)
    i.__kernel_poly                          0x08006f1c   Section        0  poly.o(i.__kernel_poly)
    i.__kernel_sin                           0x08006fc8   Section        0  sin_i.o(i.__kernel_sin)
    i.__mathlib_dbl_divzero                  0x080070b4   Section        0  dunder.o(i.__mathlib_dbl_divzero)
    i.__mathlib_dbl_infnan                   0x080070c4   Section        0  dunder.o(i.__mathlib_dbl_infnan)
    i.__mathlib_dbl_infnan2                  0x080070ca   Section        0  dunder.o(i.__mathlib_dbl_infnan2)
    i.__mathlib_dbl_invalid                  0x080070ce   Section        0  dunder.o(i.__mathlib_dbl_invalid)
    i.__mathlib_dbl_overflow                 0x080070da   Section        0  dunder.o(i.__mathlib_dbl_overflow)
    i.__mathlib_dbl_underflow                0x080070e8   Section        0  dunder.o(i.__mathlib_dbl_underflow)
    i.__scatterload_copy                     0x080070f8   Section       14  handlers.o(i.__scatterload_copy)
    i.__scatterload_null                     0x08007106   Section        2  handlers.o(i.__scatterload_null)
    i.__scatterload_zeroinit                 0x08007108   Section       14  handlers.o(i.__scatterload_zeroinit)
    i.__set_errno                            0x08007118   Section        0  errno.o(i.__set_errno)
    i.atan                                   0x08007124   Section        0  atan.o(i.atan)
    i.cos                                    0x08007344   Section        0  cos.o(i.cos)
    i.fsxa                                   0x080073e0   Section        0  protection.o(i.fsxa)
    i.main                                   0x08007438   Section        0  6021.o(i.main)
    i.menusub                                0x08007850   Section        0  menu.o(i.menusub)
    i.pow                                    0x08008c9c   Section        0  pow.o(i.pow)
    i.protection                             0x08009674   Section        0  protection.o(i.protection)
    i.protection_Init                        0x08009e14   Section        0  protection.o(i.protection_Init)
    i.px                                     0x08009e54   Section        0  protection.o(i.px)
    i.pxI                                    0x08009e8c   Section        0  protection.o(i.pxI)
    i.sin                                    0x08009ef0   Section        0  sin.o(i.sin)
    i.sqrt                                   0x08009f90   Section        0  sqrt.o(i.sqrt)
    i.w5500_cycle                            0x08009fdc   Section        0  w5500s.o(i.w5500_cycle)
    i.w5500_init                             0x0800a010   Section        0  w5500s.o(i.w5500_init)
    i.writeat24c                             0x0800a020   Section        0  i2c.o(i.writeat24c)
    .constdata                               0x0800a05e   Section     4474  charlib.o(.constdata)
    .constdata                               0x0800b1d8   Section      934  menu_content.o(.constdata)
    .constdata                               0x0800b580   Section      160  yc.o(.constdata)
    .constdata                               0x0800b620   Section      512  modbusrtu.o(.constdata)
    .constdata                               0x0800b820   Section      152  atan.o(.constdata)
    atanhi                                   0x0800b820   Data          32  atan.o(.constdata)
    atanlo                                   0x0800b840   Data          32  atan.o(.constdata)
    aTodd                                    0x0800b860   Data          40  atan.o(.constdata)
    aTeven                                   0x0800b888   Data          48  atan.o(.constdata)
    .constdata                               0x0800b8b8   Section      136  pow.o(.constdata)
    bp                                       0x0800b8b8   Data          16  pow.o(.constdata)
    dp_h                                     0x0800b8c8   Data          16  pow.o(.constdata)
    dp_l                                     0x0800b8d8   Data          16  pow.o(.constdata)
    L                                        0x0800b8e8   Data          48  pow.o(.constdata)
    P                                        0x0800b918   Data          40  pow.o(.constdata)
    .constdata                               0x0800b940   Section       48  cos_i.o(.constdata)
    C                                        0x0800b940   Data          48  cos_i.o(.constdata)
    .constdata                               0x0800b970   Section        8  qnan.o(.constdata)
    .constdata                               0x0800b978   Section      200  rred.o(.constdata)
    pio2s                                    0x0800b978   Data          48  rred.o(.constdata)
    twooverpi                                0x0800b9a8   Data         152  rred.o(.constdata)
    .constdata                               0x0800ba40   Section       40  sin_i.o(.constdata)
    S                                        0x0800ba40   Data          40  sin_i.o(.constdata)
    .data                                    0x20000000   Section      172  bianliang.o(.data)
    .data                                    0x200000ac   Section      192  menu_content.o(.data)
    .data                                    0x2000016c   Section       12  protection.o(.data)
    .data                                    0x20000178   Section        4  soe.o(.data)
    .data                                    0x2000017c   Section        4  yc.o(.data)
    .data                                    0x20000180   Section       36  w5500.o(.data)
    .data                                    0x200001a4   Section        8  w5500s.o(.data)
    .data                                    0x200001ac   Section       20  stm32f10x_rcc.o(.data)
    APBAHBPrescTable                         0x200001ac   Data          16  stm32f10x_rcc.o(.data)
    ADCPrescTable                            0x200001bc   Data           4  stm32f10x_rcc.o(.data)
    .data                                    0x200001c0   Section        4  errno.o(.data)
    _errno                                   0x200001c0   Data           4  errno.o(.data)
    .bss                                     0x200001c4   Section       28  adc.o(.bss)
    .bss                                     0x200001e0   Section      262  bianliang.o(.bss)
    .bss                                     0x200002e8   Section     1280  yc.o(.bss)
    .bss                                     0x200007e8   Section     4096  w5500.o(.bss)
    .bss                                     0x200017e8   Section     1024  modbusrtu.o(.bss)
    STACK                                    0x20001be8   Section     1024  startup_stm32f10x_hd.o(STACK)

    Global Symbols

    Symbol Name                              Value     Ov Type        Size  Object(Section)

    BuildAttributes$$THM_ISAv4$P$D$K$B$S$PE$A:L22UL41UL21$X:L11$S22US41US21$IEEE1$IW$USESV6$~STKCKD$USESV7$~SHL$OTIME$ROPI$IEEEX$EBA8$MICROLIB$REQ8$PRES8$EABIv2 0x00000000   Number         0  anon$$obj.o ABSOLUTE
    __ARM_use_no_argv                        0x00000000   Number         0  6021.o ABSOLUTE
    __cpp_initialize__aeabi_                  - Undefined Weak Reference
    __cxa_finalize                            - Undefined Weak Reference
    _clock_init                               - Undefined Weak Reference
    _microlib_exit                            - Undefined Weak Reference
    __Vectors_Size                           0x00000130   Number         0  startup_stm32f10x_hd.o ABSOLUTE
    __Vectors                                0x08000000   Data           4  startup_stm32f10x_hd.o(RESET)
    __Vectors_End                            0x08000130   Data           0  startup_stm32f10x_hd.o(RESET)
    __main                                   0x08000131   Thumb Code     0  entry.o(.ARM.Collect$$$$00000000)
    _main_stk                                0x08000131   Thumb Code     0  entry2.o(.ARM.Collect$$$$00000001)
    _main_scatterload                        0x08000135   Thumb Code     0  entry5.o(.ARM.Collect$$$$00000004)
    __main_after_scatterload                 0x08000139   Thumb Code     0  entry5.o(.ARM.Collect$$$$00000004)
    _main_clock                              0x08000139   Thumb Code     0  entry7b.o(.ARM.Collect$$$$00000008)
    _main_cpp_init                           0x08000139   Thumb Code     0  entry8b.o(.ARM.Collect$$$$0000000A)
    _main_init                               0x08000139   Thumb Code     0  entry9a.o(.ARM.Collect$$$$0000000B)
    __rt_final_cpp                           0x08000141   Thumb Code     0  entry10a.o(.ARM.Collect$$$$0000000D)
    __rt_final_exit                          0x08000141   Thumb Code     0  entry11a.o(.ARM.Collect$$$$0000000F)
    Reset_Handler                            0x08000145   Thumb Code     8  startup_stm32f10x_hd.o(.text)
    ADC3_IRQHandler                          0x0800015f   Thumb Code     0  startup_stm32f10x_hd.o(.text)
    CAN1_RX1_IRQHandler                      0x0800015f   Thumb Code     0  startup_stm32f10x_hd.o(.text)
    CAN1_SCE_IRQHandler                      0x0800015f   Thumb Code     0  startup_stm32f10x_hd.o(.text)
    DMA1_Channel2_IRQHandler                 0x0800015f   Thumb Code     0  startup_stm32f10x_hd.o(.text)
    DMA1_Channel3_IRQHandler                 0x0800015f   Thumb Code     0  startup_stm32f10x_hd.o(.text)
    DMA1_Channel4_IRQHandler                 0x0800015f   Thumb Code     0  startup_stm32f10x_hd.o(.text)
    DMA1_Channel6_IRQHandler                 0x0800015f   Thumb Code     0  startup_stm32f10x_hd.o(.text)
    DMA1_Channel7_IRQHandler                 0x0800015f   Thumb Code     0  startup_stm32f10x_hd.o(.text)
    DMA2_Channel1_IRQHandler                 0x0800015f   Thumb Code     0  startup_stm32f10x_hd.o(.text)
    DMA2_Channel2_IRQHandler                 0x0800015f   Thumb Code     0  startup_stm32f10x_hd.o(.text)
    DMA2_Channel3_IRQHandler                 0x0800015f   Thumb Code     0  startup_stm32f10x_hd.o(.text)
    DMA2_Channel4_5_IRQHandler               0x0800015f   Thumb Code     0  startup_stm32f10x_hd.o(.text)
    EXTI0_IRQHandler                         0x0800015f   Thumb Code     0  startup_stm32f10x_hd.o(.text)
    EXTI15_10_IRQHandler                     0x0800015f   Thumb Code     0  startup_stm32f10x_hd.o(.text)
    EXTI1_IRQHandler                         0x0800015f   Thumb Code     0  startup_stm32f10x_hd.o(.text)
    EXTI2_IRQHandler                         0x0800015f   Thumb Code     0  startup_stm32f10x_hd.o(.text)
    EXTI3_IRQHandler                         0x0800015f   Thumb Code     0  startup_stm32f10x_hd.o(.text)
    EXTI4_IRQHandler                         0x0800015f   Thumb Code     0  startup_stm32f10x_hd.o(.text)
    FLASH_IRQHandler                         0x0800015f   Thumb Code     0  startup_stm32f10x_hd.o(.text)
    FSMC_IRQHandler                          0x0800015f   Thumb Code     0  startup_stm32f10x_hd.o(.text)
    I2C1_ER_IRQHandler                       0x0800015f   Thumb Code     0  startup_stm32f10x_hd.o(.text)
    I2C1_EV_IRQHandler                       0x0800015f   Thumb Code     0  startup_stm32f10x_hd.o(.text)
    I2C2_ER_IRQHandler                       0x0800015f   Thumb Code     0  startup_stm32f10x_hd.o(.text)
    I2C2_EV_IRQHandler                       0x0800015f   Thumb Code     0  startup_stm32f10x_hd.o(.text)
    PVD_IRQHandler                           0x0800015f   Thumb Code     0  startup_stm32f10x_hd.o(.text)
    RCC_IRQHandler                           0x0800015f   Thumb Code     0  startup_stm32f10x_hd.o(.text)
    RTCAlarm_IRQHandler                      0x0800015f   Thumb Code     0  startup_stm32f10x_hd.o(.text)
    RTC_IRQHandler                           0x0800015f   Thumb Code     0  startup_stm32f10x_hd.o(.text)
    SDIO_IRQHandler                          0x0800015f   Thumb Code     0  startup_stm32f10x_hd.o(.text)
    SPI1_IRQHandler                          0x0800015f   Thumb Code     0  startup_stm32f10x_hd.o(.text)
    SPI2_IRQHandler                          0x0800015f   Thumb Code     0  startup_stm32f10x_hd.o(.text)
    SPI3_IRQHandler                          0x0800015f   Thumb Code     0  startup_stm32f10x_hd.o(.text)
    TAMPER_IRQHandler                        0x0800015f   Thumb Code     0  startup_stm32f10x_hd.o(.text)
    TIM1_BRK_IRQHandler                      0x0800015f   Thumb Code     0  startup_stm32f10x_hd.o(.text)
    TIM1_TRG_COM_IRQHandler                  0x0800015f   Thumb Code     0  startup_stm32f10x_hd.o(.text)
    TIM1_UP_IRQHandler                       0x0800015f   Thumb Code     0  startup_stm32f10x_hd.o(.text)
    TIM3_IRQHandler                          0x0800015f   Thumb Code     0  startup_stm32f10x_hd.o(.text)
    TIM5_IRQHandler                          0x0800015f   Thumb Code     0  startup_stm32f10x_hd.o(.text)
    TIM6_IRQHandler                          0x0800015f   Thumb Code     0  startup_stm32f10x_hd.o(.text)
    TIM7_IRQHandler                          0x0800015f   Thumb Code     0  startup_stm32f10x_hd.o(.text)
    TIM8_BRK_IRQHandler                      0x0800015f   Thumb Code     0  startup_stm32f10x_hd.o(.text)
    TIM8_CC_IRQHandler                       0x0800015f   Thumb Code     0  startup_stm32f10x_hd.o(.text)
    TIM8_TRG_COM_IRQHandler                  0x0800015f   Thumb Code     0  startup_stm32f10x_hd.o(.text)
    TIM8_UP_IRQHandler                       0x0800015f   Thumb Code     0  startup_stm32f10x_hd.o(.text)
    UART4_IRQHandler                         0x0800015f   Thumb Code     0  startup_stm32f10x_hd.o(.text)
    UART5_IRQHandler                         0x0800015f   Thumb Code     0  startup_stm32f10x_hd.o(.text)
    USART2_IRQHandler                        0x0800015f   Thumb Code     0  startup_stm32f10x_hd.o(.text)
    USART3_IRQHandler                        0x0800015f   Thumb Code     0  startup_stm32f10x_hd.o(.text)
    USBWakeUp_IRQHandler                     0x0800015f   Thumb Code     0  startup_stm32f10x_hd.o(.text)
    USB_HP_CAN1_TX_IRQHandler                0x0800015f   Thumb Code     0  startup_stm32f10x_hd.o(.text)
    USB_LP_CAN1_RX0_IRQHandler               0x0800015f   Thumb Code     0  startup_stm32f10x_hd.o(.text)
    WWDG_IRQHandler                          0x0800015f   Thumb Code     0  startup_stm32f10x_hd.o(.text)
    __aeabi_fadd                             0x08000169   Thumb Code   164  fadd.o(.text)
    __aeabi_fsub                             0x0800020d   Thumb Code     6  fadd.o(.text)
    __aeabi_frsub                            0x08000213   Thumb Code     6  fadd.o(.text)
    __aeabi_fmul                             0x08000219   Thumb Code   100  fmul.o(.text)
    __aeabi_fdiv                             0x0800027d   Thumb Code   124  fdiv.o(.text)
    __aeabi_dadd                             0x080002f9   Thumb Code   322  dadd.o(.text)
    __aeabi_dsub                             0x0800043b   Thumb Code     6  dadd.o(.text)
    __aeabi_drsub                            0x08000441   Thumb Code     6  dadd.o(.text)
    __aeabi_dmul                             0x08000447   Thumb Code   228  dmul.o(.text)
    __aeabi_ddiv                             0x0800052b   Thumb Code   222  ddiv.o(.text)
    __aeabi_i2f                              0x08000609   Thumb Code    18  fflti.o(.text)
    __aeabi_ui2f                             0x0800061b   Thumb Code    10  ffltui.o(.text)
    __aeabi_i2d                              0x08000625   Thumb Code    34  dflti.o(.text)
    __aeabi_ui2d                             0x08000647   Thumb Code    26  dfltui.o(.text)
    __aeabi_f2iz                             0x08000661   Thumb Code    50  ffixi.o(.text)
    __aeabi_f2uiz                            0x08000693   Thumb Code    40  ffixui.o(.text)
    __aeabi_d2iz                             0x080006bb   Thumb Code    62  dfixi.o(.text)
    __aeabi_d2uiz                            0x080006f9   Thumb Code    50  dfixui.o(.text)
    __aeabi_f2d                              0x0800072b   Thumb Code    38  f2d.o(.text)
    __aeabi_cdcmpeq                          0x08000751   Thumb Code     0  cdcmple.o(.text)
    __aeabi_cdcmple                          0x08000751   Thumb Code    48  cdcmple.o(.text)
    __aeabi_cdrcmple                         0x08000781   Thumb Code    48  cdrcmple.o(.text)
    __aeabi_d2f                              0x080007b1   Thumb Code    56  d2f.o(.text)
    __aeabi_cfcmpeq                          0x080007e9   Thumb Code     0  cfcmple.o(.text)
    __aeabi_cfcmple                          0x080007e9   Thumb Code    20  cfcmple.o(.text)
    __aeabi_cfrcmple                         0x080007fd   Thumb Code    20  cfrcmple.o(.text)
    __aeabi_llsl                             0x08000811   Thumb Code    30  llshl.o(.text)
    _ll_shift_l                              0x08000811   Thumb Code     0  llshl.o(.text)
    __aeabi_llsr                             0x0800082f   Thumb Code    32  llushr.o(.text)
    _ll_ushift_r                             0x0800082f   Thumb Code     0  llushr.o(.text)
    __aeabi_lasr                             0x0800084f   Thumb Code    36  llsshr.o(.text)
    _ll_sshift_r                             0x0800084f   Thumb Code     0  llsshr.o(.text)
    __I$use$fp                               0x08000873   Thumb Code     0  iusefp.o(.text)
    _float_round                             0x08000873   Thumb Code    18  fepilogue.o(.text)
    _float_epilogue                          0x08000885   Thumb Code    92  fepilogue.o(.text)
    _double_round                            0x080008e1   Thumb Code    30  depilogue.o(.text)
    _double_epilogue                         0x080008ff   Thumb Code   156  depilogue.o(.text)
    __ARM_scalbn                             0x0800099b   Thumb Code    46  dscalb.o(.text)
    scalbn                                   0x0800099b   Thumb Code     0  dscalb.o(.text)
    _dsqrt                                   0x080009c9   Thumb Code   162  dsqrt.o(.text)
    __scatterload                            0x08000a6d   Thumb Code    28  init.o(.text)
    __scatterload_rt2                        0x08000a6d   Thumb Code     0  init.o(.text)
    __decompress                             0x08000a91   Thumb Code     0  __dczerorl2.o(.text)
    __decompress1                            0x08000a91   Thumb Code    86  __dczerorl2.o(.text)
    ADC1_2_IRQHandler                        0x08000ae7   Thumb Code     2  stm32f10x_it.o(i.ADC1_2_IRQHandler)
    ADC1_Config                              0x08000ae9   Thumb Code   574  adc.o(i.ADC1_Config)
    ADC_Cmd                                  0x08000d39   Thumb Code    22  stm32f10x_adc.o(i.ADC_Cmd)
    ADC_DMACmd                               0x08000d4f   Thumb Code    22  stm32f10x_adc.o(i.ADC_DMACmd)
    ADC_ExternalTrigConvCmd                  0x08000d65   Thumb Code    22  stm32f10x_adc.o(i.ADC_ExternalTrigConvCmd)
    ADC_GetCalibrationStatus                 0x08000d7b   Thumb Code    20  stm32f10x_adc.o(i.ADC_GetCalibrationStatus)
    ADC_GetResetCalibrationStatus            0x08000d8f   Thumb Code    20  stm32f10x_adc.o(i.ADC_GetResetCalibrationStatus)
    ADC_Init                                 0x08000da5   Thumb Code    70  stm32f10x_adc.o(i.ADC_Init)
    ADC_RegularChannelConfig                 0x08000df5   Thumb Code   184  stm32f10x_adc.o(i.ADC_RegularChannelConfig)
    ADC_ResetCalibration                     0x08000ead   Thumb Code    10  stm32f10x_adc.o(i.ADC_ResetCalibration)
    ADC_SoftwareStartConvCmd                 0x08000eb7   Thumb Code    22  stm32f10x_adc.o(i.ADC_SoftwareStartConvCmd)
    ADC_StartCalibration                     0x08000ecd   Thumb Code    10  stm32f10x_adc.o(i.ADC_StartCalibration)
    BusFault_Handler                         0x08000ed7   Thumb Code     4  stm32f10x_it.o(i.BusFault_Handler)
    CRC16                                    0x08000edd   Thumb Code    48  modbusrtu.o(i.CRC16)
    Change_IP                                0x08000f15   Thumb Code    16  w5500s.o(i.Change_IP)
    DMA1_Channel1_IRQHandler                 0x08000f25   Thumb Code    16  stm32f10x_it.o(i.DMA1_Channel1_IRQHandler)
    DMA1_Channel5_IRQHandler                 0x08000f39   Thumb Code    46  modbusrtu.o(i.DMA1_Channel5_IRQHandler)
    DMA_ClearFlag                            0x08000f6d   Thumb Code    18  stm32f10x_dma.o(i.DMA_ClearFlag)
    DMA_ClearITPendingBit                    0x08000f89   Thumb Code    18  stm32f10x_dma.o(i.DMA_ClearITPendingBit)
    DMA_Cmd                                  0x08000fa5   Thumb Code    24  stm32f10x_dma.o(i.DMA_Cmd)
    DMA_DeInit                               0x08000fbd   Thumb Code   324  stm32f10x_dma.o(i.DMA_DeInit)
    DMA_GetCurrDataCounter                   0x08001109   Thumb Code     8  stm32f10x_dma.o(i.DMA_GetCurrDataCounter)
    DMA_ITConfig                             0x08001111   Thumb Code    18  stm32f10x_dma.o(i.DMA_ITConfig)
    DMA_Init                                 0x08001123   Thumb Code    60  stm32f10x_dma.o(i.DMA_Init)
    DebugMon_Handler                         0x0800115f   Thumb Code     2  stm32f10x_it.o(i.DebugMon_Handler)
    Delay                                    0x08001161   Thumb Code    12  delay.o(i.Delay)
    Delay55                                  0x0800116d   Thumb Code    20  w5500s.o(i.Delay55)
    DelayMs                                  0x08001181   Thumb Code    24  i2c.o(i.DelayMs)
    DisBBH                                   0x08001199   Thumb Code    58  menu.o(i.DisBBH)
    DisMainMenu0                             0x080011d9   Thumb Code    72  menu.o(i.DisMainMenu0)
    DisSOE                                   0x0800122d   Thumb Code  1222  soe.o(i.DisSOE)
    DisSOEI                                  0x080016f5   Thumb Code   242  soe.o(i.DisSOEI)
    DisSOEU                                  0x080017ed   Thumb Code   266  soe.o(i.DisSOEU)
    DisYC                                    0x080018fd   Thumb Code   214  menu.o(i.DisYC)
    Dis_DZ                                   0x080019f9   Thumb Code   342  dz.o(i.Dis_DZ)
    Dis_IP                                   0x08001b5d   Thumb Code   132  dz.o(i.Dis_IP)
    Dis_SYS                                  0x08001be9   Thumb Code   628  dz.o(i.Dis_SYS)
    Dis_YC_Temp                              0x08001e69   Thumb Code   186  menu.o(i.Dis_YC_Temp)
    Dis_YM                                   0x08001f41   Thumb Code   132  dz.o(i.Dis_YM)
    Dis_num                                  0x08001fcd   Thumb Code   252  menu.o(i.Dis_num)
    EXTI9_5_IRQHandler                       0x080020c9   Thumb Code    24  w5500.o(i.EXTI9_5_IRQHandler)
    EXTI_ClearITPendingBit                   0x080020e5   Thumb Code     6  stm32f10x_exti.o(i.EXTI_ClearITPendingBit)
    EXTI_GetITStatus                         0x080020f1   Thumb Code    34  stm32f10x_exti.o(i.EXTI_GetITStatus)
    EXTI_Init                                0x08002119   Thumb Code   142  stm32f10x_exti.o(i.EXTI_Init)
    F                                        0x080021ad   Thumb Code    44  yc.o(i.F)
    F_Init                                   0x080021e9   Thumb Code   102  yc.o(i.F_Init)
    GPIO_EXTILineConfig                      0x08002255   Thumb Code    60  stm32f10x_gpio.o(i.GPIO_EXTILineConfig)
    GPIO_Init                                0x08002295   Thumb Code   278  stm32f10x_gpio.o(i.GPIO_Init)
    GPIO_Init_DW                             0x080023ad   Thumb Code   550  io.o(i.GPIO_Init_DW)
    GPIO_ResetBits                           0x080025f1   Thumb Code     4  stm32f10x_gpio.o(i.GPIO_ResetBits)
    GPIO_SetBits                             0x080025f5   Thumb Code     4  stm32f10x_gpio.o(i.GPIO_SetBits)
    GPIO_Write                               0x080025f9   Thumb Code     4  stm32f10x_gpio.o(i.GPIO_Write)
    HardFault_Handler                        0x080025fd   Thumb Code     4  stm32f10x_it.o(i.HardFault_Handler)
    I2C_EE_BufferRead                        0x08002601   Thumb Code   120  i2c.o(i.I2C_EE_BufferRead)
    I2C_EE_BufferRead_AT24C512               0x08002679   Thumb Code   120  i2c.o(i.I2C_EE_BufferRead_AT24C512)
    I2C_EE_BufferWrite                       0x080026f1   Thumb Code   104  i2c.o(i.I2C_EE_BufferWrite)
    I2C_EE_BufferWrite_AT24C512              0x08002759   Thumb Code    74  i2c.o(i.I2C_EE_BufferWrite_AT24C512)
    INTtoBIT                                 0x080027a3   Thumb Code   132  soe.o(i.INTtoBIT)
    IWDG_ReloadCounter                       0x08002829   Thumb Code    10  stm32f10x_iwdg.o(i.IWDG_ReloadCounter)
    LCDWchar                                 0x08002839   Thumb Code   250  lcd.o(i.LCDWchar)
    LCDWword                                 0x08002939   Thumb Code   248  lcd.o(i.LCDWword)
    LCD_Init                                 0x08002a35   Thumb Code   194  lcd.o(i.LCD_Init)
    LCD_WCOM_L                               0x08002b01   Thumb Code    84  lcd.o(i.LCD_WCOM_L)
    LCD_WData_L                              0x08002b5d   Thumb Code    84  lcd.o(i.LCD_WData_L)
    LCDclear                                 0x08002bb9   Thumb Code    96  lcd.o(i.LCDclear)
    Load_Net_Parameters                      0x08002c19   Thumb Code   128  w5500s.o(i.Load_Net_Parameters)
    MemManage_Handler                        0x08002cb5   Thumb Code     4  stm32f10x_it.o(i.MemManage_Handler)
    Modbus_Get_TXdata                        0x08002cb9   Thumb Code   124  modbus.o(i.Modbus_Get_TXdata)
    Modbus_init                              0x08002d35   Thumb Code   280  modbusrtu.o(i.Modbus_init)
    NMI_Handler                              0x08002e5d   Thumb Code     2  stm32f10x_it.o(i.NMI_Handler)
    NVIC_Configuration                       0x08002e5f   Thumb Code    54  w5500s.o(i.NVIC_Configuration)
    NVIC_Init                                0x08002e95   Thumb Code   100  misc.o(i.NVIC_Init)
    NVIC_PriorityGroupConfig                 0x08002f05   Thumb Code    10  misc.o(i.NVIC_PriorityGroupConfig)
    NVIC_SetVectorTable                      0x08002f19   Thumb Code    12  misc.o(i.NVIC_SetVectorTable)
    PendSV_Handler                           0x08002f2d   Thumb Code     2  stm32f10x_it.o(i.PendSV_Handler)
    Pro_StartTIM2                            0x08002f31   Thumb Code    70  protection.o(i.Pro_StartTIM2)
    Process_Socket_Data                      0x08002f81   Thumb Code    32  w5500s.o(i.Process_Socket_Data)
    RCC_ADCCLKConfig                         0x08002fa9   Thumb Code    18  stm32f10x_rcc.o(i.RCC_ADCCLKConfig)
    RCC_AHBPeriphClockCmd                    0x08002fc1   Thumb Code    26  stm32f10x_rcc.o(i.RCC_AHBPeriphClockCmd)
    RCC_APB1PeriphClockCmd                   0x08002fe1   Thumb Code    26  stm32f10x_rcc.o(i.RCC_APB1PeriphClockCmd)
    RCC_APB1PeriphResetCmd                   0x08003001   Thumb Code    26  stm32f10x_rcc.o(i.RCC_APB1PeriphResetCmd)
    RCC_APB2PeriphClockCmd                   0x08003021   Thumb Code    26  stm32f10x_rcc.o(i.RCC_APB2PeriphClockCmd)
    RCC_APB2PeriphResetCmd                   0x08003041   Thumb Code    26  stm32f10x_rcc.o(i.RCC_APB2PeriphResetCmd)
    RCC_GetClocksFreq                        0x08003061   Thumb Code   192  stm32f10x_rcc.o(i.RCC_GetClocksFreq)
    RCC_GetFlagStatus                        0x08003135   Thumb Code    56  stm32f10x_rcc.o(i.RCC_GetFlagStatus)
    RCC_HSEConfig                            0x08003171   Thumb Code    70  stm32f10x_rcc.o(i.RCC_HSEConfig)
    RCC_PCLK1Config                          0x080031bd   Thumb Code    18  stm32f10x_rcc.o(i.RCC_PCLK1Config)
    RCC_PLLCmd                               0x080031d5   Thumb Code     6  stm32f10x_rcc.o(i.RCC_PLLCmd)
    RCC_PLLConfig                            0x080031e1   Thumb Code    24  stm32f10x_rcc.o(i.RCC_PLLConfig)
    RCC_SYSCLKConfig                         0x080031fd   Thumb Code    18  stm32f10x_rcc.o(i.RCC_SYSCLKConfig)
    RCC_WaitForHSEStartUp                    0x08003215   Thumb Code    56  stm32f10x_rcc.o(i.RCC_WaitForHSEStartUp)
    RCON                                     0x0800324d   Thumb Code    14  dz.o(i.RCON)
    RDZ                                      0x08003261   Thumb Code    54  dz.o(i.RDZ)
    RESET_KEY                                0x0800329d   Thumb Code     2  io.o(i.RESET_KEY)
    RESET_data                               0x0800329f   Thumb Code    30  modbus.o(i.RESET_data)
    RS485_Send                               0x080032bd   Thumb Code    64  modbusrtu.o(i.RS485_Send)
    RSOEnum                                  0x08003309   Thumb Code    16  dz.o(i.RSOEnum)
    RSYS                                     0x0800331d   Thumb Code    56  dz.o(i.RSYS)
    RTU_Get_TXdata                           0x08003359   Thumb Code    70  modbusrtu.o(i.RTU_Get_TXdata)
    RYC                                      0x080033ad   Thumb Code    66  yc.o(i.RYC)
    Rcon                                     0x080033fd   Thumb Code   332  dz.o(i.Rcon)
    Read_SOCK_Data_Buffer                    0x08003555   Thumb Code   296  w5500.o(i.Read_SOCK_Data_Buffer)
    Read_W5500_1Byte                         0x08003685   Thumb Code    62  w5500.o(i.Read_W5500_1Byte)
    Read_W5500_SOCK_1Byte                    0x080036cd   Thumb Code    74  w5500.o(i.Read_W5500_SOCK_1Byte)
    Read_W5500_SOCK_2Byte                    0x08003721   Thumb Code    98  w5500.o(i.Read_W5500_SOCK_2Byte)
    ReceiveCheck                             0x0800378d   Thumb Code    82  modbusrtu.o(i.ReceiveCheck)
    Rpw                                      0x080037ed   Thumb Code    74  dz.o(i.Rpw)
    Rtime                                    0x0800383d   Thumb Code   144  dz.o(i.Rtime)
    SOE_data                                 0x080038d5   Thumb Code    42  modbus.o(i.SOE_data)
    SPI1_Send_Byte                           0x08003909   Thumb Code    48  w5500.o(i.SPI1_Send_Byte)
    SPI1_Send_Short                          0x0800393d   Thumb Code    28  w5500.o(i.SPI1_Send_Short)
    SPI_Cmd                                  0x08003959   Thumb Code    24  stm32f10x_spi.o(i.SPI_Cmd)
    SPI_Configuration                        0x08003971   Thumb Code   168  w5500.o(i.SPI_Configuration)
    SPI_I2S_GetFlagStatus                    0x08003a21   Thumb Code    18  stm32f10x_spi.o(i.SPI_I2S_GetFlagStatus)
    SPI_I2S_ReceiveData                      0x08003a33   Thumb Code     6  stm32f10x_spi.o(i.SPI_I2S_ReceiveData)
    SPI_I2S_SendData                         0x08003a39   Thumb Code     4  stm32f10x_spi.o(i.SPI_I2S_SendData)
    SPI_Init                                 0x08003a3d   Thumb Code    60  stm32f10x_spi.o(i.SPI_Init)
    SVC_Handler                              0x08003a79   Thumb Code     2  stm32f10x_it.o(i.SVC_Handler)
    SYSCLK_Init                              0x08003a7d   Thumb Code    72  io.o(i.SYSCLK_Init)
    Socket_Connect                           0x08003bb1   Thumb Code    70  w5500.o(i.Socket_Connect)
    Socket_Init                              0x08003bf9   Thumb Code    74  w5500.o(i.Socket_Init)
    Socket_Listen                            0x08003c49   Thumb Code   102  w5500.o(i.Socket_Listen)
    Socket_UDP                               0x08003caf   Thumb Code    60  w5500.o(i.Socket_UDP)
    SysTick_Handler                          0x08003ceb   Thumb Code     2  stm32f10x_it.o(i.SysTick_Handler)
    SystemInit                               0x08003ced   Thumb Code    78  system_stm32f10x.o(i.SystemInit)
    System_Initialization                    0x08003d4d   Thumb Code    16  w5500s.o(i.System_Initialization)
    TCP_Get_TXdata                           0x08003d5d   Thumb Code    78  modbustcp.o(i.TCP_Get_TXdata)
    TIM1_CC_IRQHandler                       0x08003db5   Thumb Code    20  stm32f10x_it.o(i.TIM1_CC_IRQHandler)
    TIM2_IRQHandler                          0x08003dd1   Thumb Code    44  w5500s.o(i.TIM2_IRQHandler)
    TIM4_IRQHandler                          0x08003e05   Thumb Code    20  stm32f10x_it.o(i.TIM4_IRQHandler)
    TIM_ClearITPendingBit                    0x08003e1d   Thumb Code     6  stm32f10x_tim.o(i.TIM_ClearITPendingBit)
    TIM_Cmd                                  0x08003e23   Thumb Code    24  stm32f10x_tim.o(i.TIM_Cmd)
    TIM_CtrlPWMOutputs                       0x08003e3b   Thumb Code    30  stm32f10x_tim.o(i.TIM_CtrlPWMOutputs)
    TIM_DeInit                               0x08003e59   Thumb Code   424  stm32f10x_tim.o(i.TIM_DeInit)
    TIM_GetITStatus                          0x08004041   Thumb Code    34  stm32f10x_tim.o(i.TIM_GetITStatus)
    TIM_InternalClockConfig                  0x08004063   Thumb Code    12  stm32f10x_tim.o(i.TIM_InternalClockConfig)
    TIM_OC1Init                              0x08004071   Thumb Code   132  stm32f10x_tim.o(i.TIM_OC1Init)
    TIM_TimeBaseInit                         0x08004109   Thumb Code   122  stm32f10x_tim.o(i.TIM_TimeBaseInit)
    TIM_TimeBaseStructInit                   0x080041ad   Thumb Code    18  stm32f10x_tim.o(i.TIM_TimeBaseStructInit)
    TWI_Ack                                  0x080041c1   Thumb Code    62  i2c.o(i.TWI_Ack)
    TWI_NoAck                                0x08004205   Thumb Code    64  i2c.o(i.TWI_NoAck)
    TWI_ReceiveByte                          0x08004249   Thumb Code    88  i2c.o(i.TWI_ReceiveByte)
    TWI_SendByte                             0x080042a5   Thumb Code    94  i2c.o(i.TWI_SendByte)
    TWI_Start                                0x08004309   Thumb Code    96  i2c.o(i.TWI_Start)
    TWI_Stop                                 0x0800436d   Thumb Code    54  i2c.o(i.TWI_Stop)
    TWI_WaitAck                              0x080043a9   Thumb Code    84  i2c.o(i.TWI_WaitAck)
    TZ_Action                                0x08004401   Thumb Code    48  protection.o(i.TZ_Action)
    TZ_Reset                                 0x08004439   Thumb Code    30  protection.o(i.TZ_Reset)
    TZ_out                                   0x08004461   Thumb Code   114  protection.o(i.TZ_out)
    USART1_IRQHandler                        0x080044e1   Thumb Code   146  modbusrtu.o(i.USART1_IRQHandler)
    USART_ClearFlag                          0x08004585   Thumb Code    18  stm32f10x_usart.o(i.USART_ClearFlag)
    USART_ClearITPendingBit                  0x08004597   Thumb Code    30  stm32f10x_usart.o(i.USART_ClearITPendingBit)
    USART_Cmd                                0x080045b5   Thumb Code    24  stm32f10x_usart.o(i.USART_Cmd)
    USART_DMACmd                             0x080045cd   Thumb Code    18  stm32f10x_usart.o(i.USART_DMACmd)
    USART_GetFlagStatus                      0x080045df   Thumb Code    26  stm32f10x_usart.o(i.USART_GetFlagStatus)
    USART_GetITStatus                        0x080045f9   Thumb Code    84  stm32f10x_usart.o(i.USART_GetITStatus)
    USART_ITConfig                           0x0800464d   Thumb Code    74  stm32f10x_usart.o(i.USART_ITConfig)
    USART_Init                               0x08004699   Thumb Code   210  stm32f10x_usart.o(i.USART_Init)
    USART_SendData                           0x08004771   Thumb Code     8  stm32f10x_usart.o(i.USART_SendData)
    UsageFault_Handler                       0x08004779   Thumb Code     4  stm32f10x_it.o(i.UsageFault_Handler)
    W5500_GPIO_Configuration                 0x0800477d   Thumb Code   104  w5500.o(i.W5500_GPIO_Configuration)
    W5500_Hardware_Reset                     0x080047ed   Thumb Code    36  w5500.o(i.W5500_Hardware_Reset)
    W5500_Init                               0x08004815   Thumb Code   136  w5500.o(i.W5500_Init)
    W5500_Initialization                     0x080048ad   Thumb Code    14  w5500s.o(i.W5500_Initialization)
    W5500_Interrupt_Process                  0x080048bd   Thumb Code   184  w5500.o(i.W5500_Interrupt_Process)
    W5500_NVIC_Configuration                 0x08004981   Thumb Code    32  w5500.o(i.W5500_NVIC_Configuration)
    W5500_Socket_Set                         0x080049a1   Thumb Code   100  w5500s.o(i.W5500_Socket_Set)
    WDZ                                      0x08004a0d   Thumb Code    94  dz.o(i.WDZ)
    WSOE                                     0x08004a75   Thumb Code   276  soe.o(i.WSOE)
    WSYS                                     0x08004ba1   Thumb Code   472  dz.o(i.WSYS)
    Wcon                                     0x08004d8d   Thumb Code    50  dz.o(i.Wcon)
    Wpw                                      0x08004dc9   Thumb Code    28  dz.o(i.Wpw)
    Write_SOCK_Data_Buffer                   0x08004de9   Thumb Code   264  w5500.o(i.Write_SOCK_Data_Buffer)
    Write_W5500_1Byte                        0x08004efd   Thumb Code    46  w5500.o(i.Write_W5500_1Byte)
    Write_W5500_2Byte                        0x08004f31   Thumb Code    46  w5500.o(i.Write_W5500_2Byte)
    Write_W5500_SOCK_1Byte                   0x08004f65   Thumb Code    58  w5500.o(i.Write_W5500_SOCK_1Byte)
    Write_W5500_SOCK_2Byte                   0x08004fa5   Thumb Code    58  w5500.o(i.Write_W5500_SOCK_2Byte)
    Write_W5500_SOCK_4Byte                   0x08004fe5   Thumb Code    84  w5500.o(i.Write_W5500_SOCK_4Byte)
    Write_W5500_nByte                        0x0800503d   Thumb Code    66  w5500.o(i.Write_W5500_nByte)
    Wtime                                    0x08005085   Thumb Code   112  dz.o(i.Wtime)
    YCDFT                                    0x080050fd   Thumb Code  4958  yc.o(i.YCDFT)
    YC_data                                  0x08006491   Thumb Code   246  modbus.o(i.YC_data)
    YK_data                                  0x08006599   Thumb Code   176  modbus.o(i.YK_data)
    YT_data                                  0x08006655   Thumb Code   346  modbus.o(i.YT_data)
    YXSOE                                    0x080067bd   Thumb Code    42  io.o(i.YXSOE)
    YX_data                                  0x080067ed   Thumb Code    84  modbus.o(i.YX_data)
    YX_init                                  0x08006845   Thumb Code   534  io.o(i.YX_init)
    __ARM_fpclassify                         0x08006a71   Thumb Code    40  fpclassify.o(i.__ARM_fpclassify)
    __ieee754_rem_pio2                       0x08006a99   Thumb Code   828  rred.o(i.__ieee754_rem_pio2)
    __kernel_cos                             0x08006e21   Thumb Code   230  cos_i.o(i.__kernel_cos)
    __kernel_poly                            0x08006f1d   Thumb Code   170  poly.o(i.__kernel_poly)
    __kernel_sin                             0x08006fc9   Thumb Code   224  sin_i.o(i.__kernel_sin)
    __mathlib_dbl_divzero                    0x080070b5   Thumb Code    12  dunder.o(i.__mathlib_dbl_divzero)
    __mathlib_dbl_infnan                     0x080070c5   Thumb Code     6  dunder.o(i.__mathlib_dbl_infnan)
    __mathlib_dbl_infnan2                    0x080070cb   Thumb Code     4  dunder.o(i.__mathlib_dbl_infnan2)
    __mathlib_dbl_invalid                    0x080070cf   Thumb Code    12  dunder.o(i.__mathlib_dbl_invalid)
    __mathlib_dbl_overflow                   0x080070db   Thumb Code    14  dunder.o(i.__mathlib_dbl_overflow)
    __mathlib_dbl_underflow                  0x080070e9   Thumb Code    10  dunder.o(i.__mathlib_dbl_underflow)
    __scatterload_copy                       0x080070f9   Thumb Code    14  handlers.o(i.__scatterload_copy)
    __scatterload_null                       0x08007107   Thumb Code     2  handlers.o(i.__scatterload_null)
    __scatterload_zeroinit                   0x08007109   Thumb Code    14  handlers.o(i.__scatterload_zeroinit)
    __set_errno                              0x08007119   Thumb Code     6  errno.o(i.__set_errno)
    atan                                     0x08007125   Thumb Code   474  atan.o(i.atan)
    cos                                      0x08007345   Thumb Code   148  cos.o(i.cos)
    fsxa                                     0x080073e1   Thumb Code    80  protection.o(i.fsxa)
    main                                     0x08007439   Thumb Code   962  6021.o(i.main)
    menusub                                  0x08007851   Thumb Code  5156  menu.o(i.menusub)
    pow                                      0x08008c9d   Thumb Code  2512  pow.o(i.pow)
    protection                               0x08009675   Thumb Code  1912  protection.o(i.protection)
    protection_Init                          0x08009e15   Thumb Code    64  protection.o(i.protection_Init)
    px                                       0x08009e55   Thumb Code    54  protection.o(i.px)
    pxI                                      0x08009e8d   Thumb Code    90  protection.o(i.pxI)
    sin                                      0x08009ef1   Thumb Code   150  sin.o(i.sin)
    sqrt                                     0x08009f91   Thumb Code    76  sqrt.o(i.sqrt)
    w5500_cycle                              0x08009fdd   Thumb Code    42  w5500s.o(i.w5500_cycle)
    w5500_init                               0x0800a011   Thumb Code    16  w5500s.o(i.w5500_init)
    writeat24c                               0x0800a021   Thumb Code    62  i2c.o(i.writeat24c)
    charlib                                  0x0800a05e   Data         444  charlib.o(.constdata)
    wordlib                                  0x0800a21a   Data        4030  charlib.o(.constdata)
    mainmenu                                 0x0800b1d8   Data         196  menu_content.o(.constdata)
    menuID1                                  0x0800b29c   Data          30  menu_content.o(.constdata)
    menuID11                                 0x0800b2ba   Data           5  menu_content.o(.constdata)
    menuID12                                 0x0800b2bf   Data          10  menu_content.o(.constdata)
    menuID13                                 0x0800b2c9   Data          10  menu_content.o(.constdata)
    menuID14                                 0x0800b2d3   Data          34  menu_content.o(.constdata)
    menuID15                                 0x0800b2f5   Data           5  menu_content.o(.constdata)
    menuID17                                 0x0800b2fa   Data          32  menu_content.o(.constdata)
    menuID18                                 0x0800b31a   Data          32  menu_content.o(.constdata)
    menuID16                                 0x0800b33a   Data          32  menu_content.o(.constdata)
    menuID111                                0x0800b35a   Data          24  menu_content.o(.constdata)
    menuID121                                0x0800b372   Data           1  menu_content.o(.constdata)
    menuID131                                0x0800b373   Data          15  menu_content.o(.constdata)
    menuID132                                0x0800b382   Data          15  menu_content.o(.constdata)
    menuID1111                               0x0800b391   Data         133  menu_content.o(.constdata)
    Prot_sm                                  0x0800b416   Data          12  menu_content.o(.constdata)
    con_sm                                   0x0800b422   Data          19  menu_content.o(.constdata)
    DZunit                                   0x0800b435   Data          57  menu_content.o(.constdata)
    menuID1112                               0x0800b46e   Data         171  menu_content.o(.constdata)
    menuID1113                               0x0800b519   Data           6  menu_content.o(.constdata)
    OKmenu                                   0x0800b51f   Data          10  menu_content.o(.constdata)
    menuID1114                               0x0800b529   Data          85  menu_content.o(.constdata)
    YCsin                                    0x0800b580   Data          80  yc.o(.constdata)
    YCcos                                    0x0800b5d0   Data          80  yc.o(.constdata)
    auchCRCHi                                0x0800b620   Data         256  modbusrtu.o(.constdata)
    auchCRCLo                                0x0800b720   Data         256  modbusrtu.o(.constdata)
    __mathlib_zero                           0x0800b970   Data           8  qnan.o(.constdata)
    Region$$Table$$Base                      0x0800ba68   Number         0  anon$$obj.o(Region$$Table)
    Region$$Table$$Limit                     0x0800ba88   Number         0  anon$$obj.o(Region$$Table)
    YX                                       0x20000000   Data           8  bianliang.o(.data)
    SOEnum                                   0x20000008   Data           2  bianliang.o(.data)
    RelayAutoReset                           0x2000000a   Data           2  bianliang.o(.data)
    DisSOEbit                                0x2000000c   Data           1  bianliang.o(.data)
    CommSOEbit                               0x2000000d   Data           1  bianliang.o(.data)
    CommYK_cl                                0x2000000e   Data           1  bianliang.o(.data)
    CommYK_op                                0x2000000f   Data           1  bianliang.o(.data)
    NOSOEbit                                 0x20000010   Data           1  bianliang.o(.data)
    Data                                     0x20000011   Data          11  bianliang.o(.data)
    time                                     0x2000001c   Data           9  bianliang.o(.data)
    password                                 0x20000025   Data           3  bianliang.o(.data)
    pCON                                     0x20000028   Data           3  bianliang.o(.data)
    YXcheck                                  0x2000002b   Data          16  bianliang.o(.data)
    YKcheck                                  0x2000003b   Data           7  bianliang.o(.data)
    YKcheckOK                                0x20000042   Data           1  bianliang.o(.data)
    ARDyc                                    0x20000044   Data           4  bianliang.o(.data)
    HZbit                                    0x20000048   Data           1  bianliang.o(.data)
    ARDaction                                0x20000049   Data           1  bianliang.o(.data)
    ActionTime                               0x2000004a   Data          40  bianliang.o(.data)
    XG                                       0x20000072   Data           1  bianliang.o(.data)
    key2lx                                   0x20000073   Data           1  bianliang.o(.data)
    OK                                       0x20000074   Data           1  bianliang.o(.data)
    OKcancel                                 0x20000075   Data           1  bianliang.o(.data)
    unit                                     0x20000076   Data          28  bianliang.o(.data)
    YCunit                                   0x20000092   Data          26  bianliang.o(.data)
    MENU                                     0x200000ac   Data         192  menu_content.o(.data)
    ProtectionBit                            0x2000016c   Data           2  protection.o(.data)
    fsx                                      0x20000170   Data           4  protection.o(.data)
    kt                                       0x20000174   Data           4  protection.o(.data)
    LightTime                                0x20000178   Data           4  soe.o(.data)
    YCx                                      0x2000017c   Data           1  yc.o(.data)
    LowV                                     0x2000017e   Data           2  yc.o(.data)
    Gateway_IP                               0x20000180   Data           4  w5500.o(.data)
    Sub_Mask                                 0x20000184   Data           4  w5500.o(.data)
    Phy_Addr                                 0x20000188   Data           6  w5500.o(.data)
    IP_Addr                                  0x2000018e   Data           4  w5500.o(.data)
    S0_Port                                  0x20000192   Data           2  w5500.o(.data)
    S0_DIP                                   0x20000194   Data           4  w5500.o(.data)
    S0_DPort                                 0x20000198   Data           2  w5500.o(.data)
    UDP_DIPR                                 0x2000019a   Data           4  w5500.o(.data)
    UDP_DPORT                                0x2000019e   Data           2  w5500.o(.data)
    S0_Mode                                  0x200001a0   Data           1  w5500.o(.data)
    S0_State                                 0x200001a1   Data           1  w5500.o(.data)
    S0_Data                                  0x200001a2   Data           1  w5500.o(.data)
    W5500_Interrupt                          0x200001a3   Data           1  w5500.o(.data)
    Timer2_Counter                           0x200001a4   Data           4  w5500s.o(.data)
    W5500_Send_Delay_Counter                 0x200001a8   Data           4  w5500s.o(.data)
    AD_Value                                 0x200001c4   Data          28  adc.o(.bss)
    YC                                       0x200001e0   Data          52  bianliang.o(.bss)
    PhaseAngle                               0x20000214   Data          52  bianliang.o(.bss)
    currmenu                                 0x20000248   Data          12  bianliang.o(.bss)
    DZ                                       0x20000254   Data          38  bianliang.o(.bss)
    CON                                      0x2000027a   Data          19  bianliang.o(.bss)
    SYS                                      0x2000028e   Data          44  bianliang.o(.bss)
    pFdata                                   0x200002ba   Data          17  bianliang.o(.bss)
    SOEdata                                  0x200002cb   Data          27  bianliang.o(.bss)
    YCArray                                  0x200002e8   Data        1280  yc.o(.bss)
    Rx_Buffer                                0x200007e8   Data        2048  w5500.o(.bss)
    Tx_Buffer                                0x20000fe8   Data        2048  w5500.o(.bss)
    ReceiveData                              0x200017e8   Data         512  modbusrtu.o(.bss)
    SendData                                 0x200019e8   Data         512  modbusrtu.o(.bss)
    __initial_sp                             0x20001fe8   Data           0  startup_stm32f10x_hd.o(STACK)



==============================================================================

Memory Map of the image

  Image Entry point : 0x08000131

  Load Region LR_IROM1 (Base: 0x08000000, Size: 0x0000bc4c, Max: 0x00080000, ABSOLUTE, COMPRESSED[0x0000bb9c])

    Execution Region ER_IROM1 (Base: 0x08000000, Size: 0x0000ba88, Max: 0x00080000, ABSOLUTE)

    Base Addr    Size         Type   Attr      Idx    E Section Name        Object

    0x08000000   0x00000130   Data   RO         3523    RESET               startup_stm32f10x_hd.o
    0x08000130   0x00000000   Code   RO         3618  * .ARM.Collect$$$$00000000  mc_w.l(entry.o)
    0x08000130   0x00000004   Code   RO         3694    .ARM.Collect$$$$00000001  mc_w.l(entry2.o)
    0x08000134   0x00000004   Code   RO         3697    .ARM.Collect$$$$00000004  mc_w.l(entry5.o)
    0x08000138   0x00000000   Code   RO         3699    .ARM.Collect$$$$00000008  mc_w.l(entry7b.o)
    0x08000138   0x00000000   Code   RO         3701    .ARM.Collect$$$$0000000A  mc_w.l(entry8b.o)
    0x08000138   0x00000008   Code   RO         3702    .ARM.Collect$$$$0000000B  mc_w.l(entry9a.o)
    0x08000140   0x00000000   Code   RO         3704    .ARM.Collect$$$$0000000D  mc_w.l(entry10a.o)
    0x08000140   0x00000000   Code   RO         3706    .ARM.Collect$$$$0000000F  mc_w.l(entry11a.o)
    0x08000140   0x00000004   Code   RO         3695    .ARM.Collect$$$$00002712  mc_w.l(entry2.o)
    0x08000144   0x00000024   Code   RO         3524    .text               startup_stm32f10x_hd.o
    0x08000168   0x000000b0   Code   RO         3621    .text               mf_w.l(fadd.o)
    0x08000218   0x00000064   Code   RO         3623    .text               mf_w.l(fmul.o)
    0x0800027c   0x0000007c   Code   RO         3625    .text               mf_w.l(fdiv.o)
    0x080002f8   0x0000014e   Code   RO         3627    .text               mf_w.l(dadd.o)
    0x08000446   0x000000e4   Code   RO         3629    .text               mf_w.l(dmul.o)
    0x0800052a   0x000000de   Code   RO         3631    .text               mf_w.l(ddiv.o)
    0x08000608   0x00000012   Code   RO         3633    .text               mf_w.l(fflti.o)
    0x0800061a   0x0000000a   Code   RO         3635    .text               mf_w.l(ffltui.o)
    0x08000624   0x00000022   Code   RO         3637    .text               mf_w.l(dflti.o)
    0x08000646   0x0000001a   Code   RO         3639    .text               mf_w.l(dfltui.o)
    0x08000660   0x00000032   Code   RO         3641    .text               mf_w.l(ffixi.o)
    0x08000692   0x00000028   Code   RO         3643    .text               mf_w.l(ffixui.o)
    0x080006ba   0x0000003e   Code   RO         3645    .text               mf_w.l(dfixi.o)
    0x080006f8   0x00000032   Code   RO         3647    .text               mf_w.l(dfixui.o)
    0x0800072a   0x00000026   Code   RO         3649    .text               mf_w.l(f2d.o)
    0x08000750   0x00000030   Code   RO         3651    .text               mf_w.l(cdcmple.o)
    0x08000780   0x00000030   Code   RO         3653    .text               mf_w.l(cdrcmple.o)
    0x080007b0   0x00000038   Code   RO         3655    .text               mf_w.l(d2f.o)
    0x080007e8   0x00000014   Code   RO         3657    .text               mf_w.l(cfcmple.o)
    0x080007fc   0x00000014   Code   RO         3659    .text               mf_w.l(cfrcmple.o)
    0x08000810   0x0000001e   Code   RO         3708    .text               mc_w.l(llshl.o)
    0x0800082e   0x00000020   Code   RO         3710    .text               mc_w.l(llushr.o)
    0x0800084e   0x00000024   Code   RO         3712    .text               mc_w.l(llsshr.o)
    0x08000872   0x00000000   Code   RO         3721    .text               mc_w.l(iusefp.o)
    0x08000872   0x0000006e   Code   RO         3722    .text               mf_w.l(fepilogue.o)
    0x080008e0   0x000000ba   Code   RO         3724    .text               mf_w.l(depilogue.o)
    0x0800099a   0x0000002e   Code   RO         3726    .text               mf_w.l(dscalb.o)
    0x080009c8   0x000000a2   Code   RO         3728    .text               mf_w.l(dsqrt.o)
    0x08000a6a   0x00000002   PAD
    0x08000a6c   0x00000024   Code   RO         3730    .text               mc_w.l(init.o)
    0x08000a90   0x00000056   Code   RO         3740    .text               mc_w.l(__dczerorl2.o)
    0x08000ae6   0x00000002   Code   RO          159    i.ADC1_2_IRQHandler  stm32f10x_it.o
    0x08000ae8   0x00000250   Code   RO          258    i.ADC1_Config       adc.o
    0x08000d38   0x00000016   Code   RO         1444    i.ADC_Cmd           stm32f10x_adc.o
    0x08000d4e   0x00000016   Code   RO         1445    i.ADC_DMACmd        stm32f10x_adc.o
    0x08000d64   0x00000016   Code   RO         1449    i.ADC_ExternalTrigConvCmd  stm32f10x_adc.o
    0x08000d7a   0x00000014   Code   RO         1452    i.ADC_GetCalibrationStatus  stm32f10x_adc.o
    0x08000d8e   0x00000014   Code   RO         1458    i.ADC_GetResetCalibrationStatus  stm32f10x_adc.o
    0x08000da2   0x00000002   PAD
    0x08000da4   0x00000050   Code   RO         1462    i.ADC_Init          stm32f10x_adc.o
    0x08000df4   0x000000b8   Code   RO         1466    i.ADC_RegularChannelConfig  stm32f10x_adc.o
    0x08000eac   0x0000000a   Code   RO         1467    i.ADC_ResetCalibration  stm32f10x_adc.o
    0x08000eb6   0x00000016   Code   RO         1469    i.ADC_SoftwareStartConvCmd  stm32f10x_adc.o
    0x08000ecc   0x0000000a   Code   RO         1471    i.ADC_StartCalibration  stm32f10x_adc.o
    0x08000ed6   0x00000004   Code   RO          160    i.BusFault_Handler  stm32f10x_it.o
    0x08000eda   0x00000002   PAD
    0x08000edc   0x00000038   Code   RO         1299    i.CRC16             modbusrtu.o
    0x08000f14   0x00000010   Code   RO         1197    i.Change_IP         w5500s.o
    0x08000f24   0x00000014   Code   RO          161    i.DMA1_Channel1_IRQHandler  stm32f10x_it.o
    0x08000f38   0x00000034   Code   RO         1300    i.DMA1_Channel5_IRQHandler  modbusrtu.o
    0x08000f6c   0x0000001c   Code   RO         1672    i.DMA_ClearFlag     stm32f10x_dma.o
    0x08000f88   0x0000001c   Code   RO         1673    i.DMA_ClearITPendingBit  stm32f10x_dma.o
    0x08000fa4   0x00000018   Code   RO         1674    i.DMA_Cmd           stm32f10x_dma.o
    0x08000fbc   0x0000014c   Code   RO         1675    i.DMA_DeInit        stm32f10x_dma.o
    0x08001108   0x00000008   Code   RO         1676    i.DMA_GetCurrDataCounter  stm32f10x_dma.o
    0x08001110   0x00000012   Code   RO         1679    i.DMA_ITConfig      stm32f10x_dma.o
    0x08001122   0x0000003c   Code   RO         1680    i.DMA_Init          stm32f10x_dma.o
    0x0800115e   0x00000002   Code   RO          162    i.DebugMon_Handler  stm32f10x_it.o
    0x08001160   0x0000000c   Code   RO          340    i.Delay             delay.o
    0x0800116c   0x00000014   Code   RO         1198    i.Delay55           w5500s.o
    0x08001180   0x00000018   Code   RO          476    i.DelayMs           i2c.o
    0x08001198   0x00000040   Code   RO          690    i.DisBBH            menu.o
    0x080011d8   0x00000054   Code   RO          691    i.DisMainMenu0      menu.o
    0x0800122c   0x000004c6   Code   RO          914    i.DisSOE            soe.o
    0x080016f2   0x00000002   PAD
    0x080016f4   0x000000f8   Code   RO          915    i.DisSOEI           soe.o
    0x080017ec   0x00000110   Code   RO          916    i.DisSOEU           soe.o
    0x080018fc   0x000000fc   Code   RO          692    i.DisYC             menu.o
    0x080019f8   0x00000164   Code   RO          355    i.Dis_DZ            dz.o
    0x08001b5c   0x0000008c   Code   RO          356    i.Dis_IP            dz.o
    0x08001be8   0x00000280   Code   RO          357    i.Dis_SYS           dz.o
    0x08001e68   0x000000d8   Code   RO          693    i.Dis_YC_Temp       menu.o
    0x08001f40   0x0000008c   Code   RO          358    i.Dis_YM            dz.o
    0x08001fcc   0x000000fc   Code   RO          694    i.Dis_num           menu.o
    0x080020c8   0x0000001c   Code   RO         1023    i.EXTI9_5_IRQHandler  w5500.o
    0x080020e4   0x0000000c   Code   RO         1757    i.EXTI_ClearITPendingBit  stm32f10x_exti.o
    0x080020f0   0x00000028   Code   RO         1761    i.EXTI_GetITStatus  stm32f10x_exti.o
    0x08002118   0x00000094   Code   RO         1762    i.EXTI_Init         stm32f10x_exti.o
    0x080021ac   0x0000003c   Code   RO          968    i.F                 yc.o
    0x080021e8   0x0000006c   Code   RO          969    i.F_Init            yc.o
    0x08002254   0x00000040   Code   RO         2011    i.GPIO_EXTILineConfig  stm32f10x_gpio.o
    0x08002294   0x00000116   Code   RO         2014    i.GPIO_Init         stm32f10x_gpio.o
    0x080023aa   0x00000002   PAD
    0x080023ac   0x00000244   Code   RO          578    i.GPIO_Init_DW      io.o
    0x080025f0   0x00000004   Code   RO         2021    i.GPIO_ResetBits    stm32f10x_gpio.o
    0x080025f4   0x00000004   Code   RO         2022    i.GPIO_SetBits      stm32f10x_gpio.o
    0x080025f8   0x00000004   Code   RO         2024    i.GPIO_Write        stm32f10x_gpio.o
    0x080025fc   0x00000004   Code   RO          163    i.HardFault_Handler  stm32f10x_it.o
    0x08002600   0x00000078   Code   RO          477    i.I2C_EE_BufferRead  i2c.o
    0x08002678   0x00000078   Code   RO          478    i.I2C_EE_BufferRead_AT24C512  i2c.o
    0x080026f0   0x00000068   Code   RO          479    i.I2C_EE_BufferWrite  i2c.o
    0x08002758   0x0000004a   Code   RO          480    i.I2C_EE_BufferWrite_AT24C512  i2c.o
    0x080027a2   0x00000084   Code   RO          917    i.INTtoBIT          soe.o
    0x08002826   0x00000002   PAD
    0x08002828   0x00000010   Code   RO         2352    i.IWDG_ReloadCounter  stm32f10x_iwdg.o
    0x08002838   0x00000100   Code   RO          632    i.LCDWchar          lcd.o
    0x08002938   0x000000fc   Code   RO          633    i.LCDWword          lcd.o
    0x08002a34   0x000000cc   Code   RO          634    i.LCD_Init          lcd.o
    0x08002b00   0x0000005c   Code   RO          635    i.LCD_WCOM_L        lcd.o
    0x08002b5c   0x0000005c   Code   RO          636    i.LCD_WData_L       lcd.o
    0x08002bb8   0x00000060   Code   RO          637    i.LCDclear          lcd.o
    0x08002c18   0x0000009c   Code   RO         1199    i.Load_Net_Parameters  w5500s.o
    0x08002cb4   0x00000004   Code   RO          164    i.MemManage_Handler  stm32f10x_it.o
    0x08002cb8   0x0000007c   Code   RO          769    i.Modbus_Get_TXdata  modbus.o
    0x08002d34   0x00000128   Code   RO         1301    i.Modbus_init       modbusrtu.o
    0x08002e5c   0x00000002   Code   RO          165    i.NMI_Handler       stm32f10x_it.o
    0x08002e5e   0x00000036   Code   RO         1200    i.NVIC_Configuration  w5500s.o
    0x08002e94   0x00000070   Code   RO         1390    i.NVIC_Init         misc.o
    0x08002f04   0x00000014   Code   RO         1391    i.NVIC_PriorityGroupConfig  misc.o
    0x08002f18   0x00000014   Code   RO         1392    i.NVIC_SetVectorTable  misc.o
    0x08002f2c   0x00000002   Code   RO          166    i.PendSV_Handler    stm32f10x_it.o
    0x08002f2e   0x00000002   PAD
    0x08002f30   0x00000050   Code   RO          832    i.Pro_StartTIM2     protection.o
    0x08002f80   0x00000028   Code   RO         1201    i.Process_Socket_Data  w5500s.o
    0x08002fa8   0x00000018   Code   RO         2404    i.RCC_ADCCLKConfig  stm32f10x_rcc.o
    0x08002fc0   0x00000020   Code   RO         2405    i.RCC_AHBPeriphClockCmd  stm32f10x_rcc.o
    0x08002fe0   0x00000020   Code   RO         2406    i.RCC_APB1PeriphClockCmd  stm32f10x_rcc.o
    0x08003000   0x00000020   Code   RO         2407    i.RCC_APB1PeriphResetCmd  stm32f10x_rcc.o
    0x08003020   0x00000020   Code   RO         2408    i.RCC_APB2PeriphClockCmd  stm32f10x_rcc.o
    0x08003040   0x00000020   Code   RO         2409    i.RCC_APB2PeriphResetCmd  stm32f10x_rcc.o
    0x08003060   0x000000d4   Code   RO         2416    i.RCC_GetClocksFreq  stm32f10x_rcc.o
    0x08003134   0x0000003c   Code   RO         2417    i.RCC_GetFlagStatus  stm32f10x_rcc.o
    0x08003170   0x0000004c   Code   RO         2421    i.RCC_HSEConfig     stm32f10x_rcc.o
    0x080031bc   0x00000018   Code   RO         2427    i.RCC_PCLK1Config   stm32f10x_rcc.o
    0x080031d4   0x0000000c   Code   RO         2429    i.RCC_PLLCmd        stm32f10x_rcc.o
    0x080031e0   0x0000001c   Code   RO         2430    i.RCC_PLLConfig     stm32f10x_rcc.o
    0x080031fc   0x00000018   Code   RO         2433    i.RCC_SYSCLKConfig  stm32f10x_rcc.o
    0x08003214   0x00000038   Code   RO         2435    i.RCC_WaitForHSEStartUp  stm32f10x_rcc.o
    0x0800324c   0x00000014   Code   RO          359    i.RCON              dz.o
    0x08003260   0x0000003c   Code   RO          360    i.RDZ               dz.o
    0x0800329c   0x00000002   Code   RO          579    i.RESET_KEY         io.o
    0x0800329e   0x0000001e   Code   RO          770    i.RESET_data        modbus.o
    0x080032bc   0x0000004c   Code   RO         1302    i.RS485_Send        modbusrtu.o
    0x08003308   0x00000014   Code   RO          361    i.RSOEnum           dz.o
    0x0800331c   0x0000003c   Code   RO          362    i.RSYS              dz.o
    0x08003358   0x00000054   Code   RO         1303    i.RTU_Get_TXdata    modbusrtu.o
    0x080033ac   0x00000050   Code   RO          970    i.RYC               yc.o
    0x080033fc   0x00000158   Code   RO          363    i.Rcon              dz.o
    0x08003554   0x00000130   Code   RO         1024    i.Read_SOCK_Data_Buffer  w5500.o
    0x08003684   0x00000048   Code   RO         1025    i.Read_W5500_1Byte  w5500.o
    0x080036cc   0x00000054   Code   RO         1026    i.Read_W5500_SOCK_1Byte  w5500.o
    0x08003720   0x0000006c   Code   RO         1027    i.Read_W5500_SOCK_2Byte  w5500.o
    0x0800378c   0x00000060   Code   RO         1304    i.ReceiveCheck      modbusrtu.o
    0x080037ec   0x00000050   Code   RO          364    i.Rpw               dz.o
    0x0800383c   0x00000098   Code   RO          365    i.Rtime             dz.o
    0x080038d4   0x00000034   Code   RO          771    i.SOE_data          modbus.o
    0x08003908   0x00000034   Code   RO         1028    i.SPI1_Send_Byte    w5500.o
    0x0800393c   0x0000001c   Code   RO         1029    i.SPI1_Send_Short   w5500.o
    0x08003958   0x00000018   Code   RO         2621    i.SPI_Cmd           stm32f10x_spi.o
    0x08003970   0x000000b0   Code   RO         1030    i.SPI_Configuration  w5500.o
    0x08003a20   0x00000012   Code   RO         2629    i.SPI_I2S_GetFlagStatus  stm32f10x_spi.o
    0x08003a32   0x00000006   Code   RO         2632    i.SPI_I2S_ReceiveData  stm32f10x_spi.o
    0x08003a38   0x00000004   Code   RO         2633    i.SPI_I2S_SendData  stm32f10x_spi.o
    0x08003a3c   0x0000003c   Code   RO         2634    i.SPI_Init          stm32f10x_spi.o
    0x08003a78   0x00000002   Code   RO          167    i.SVC_Handler       stm32f10x_it.o
    0x08003a7a   0x00000002   PAD
    0x08003a7c   0x0000004c   Code   RO          580    i.SYSCLK_Init       io.o
    0x08003ac8   0x00000008   Code   RO         3531    i.SetSysClock       system_stm32f10x.o
    0x08003ad0   0x000000e0   Code   RO         3532    i.SetSysClockTo72   system_stm32f10x.o
    0x08003bb0   0x00000046   Code   RO         1031    i.Socket_Connect    w5500.o
    0x08003bf6   0x00000002   PAD
    0x08003bf8   0x00000050   Code   RO         1032    i.Socket_Init       w5500.o
    0x08003c48   0x00000066   Code   RO         1033    i.Socket_Listen     w5500.o
    0x08003cae   0x0000003c   Code   RO         1034    i.Socket_UDP        w5500.o
    0x08003cea   0x00000002   Code   RO          168    i.SysTick_Handler   stm32f10x_it.o
    0x08003cec   0x00000060   Code   RO         3534    i.SystemInit        system_stm32f10x.o
    0x08003d4c   0x00000010   Code   RO         1203    i.System_Initialization  w5500s.o
    0x08003d5c   0x00000058   Code   RO         1366    i.TCP_Get_TXdata    modbustcp.o
    0x08003db4   0x0000001c   Code   RO          169    i.TIM1_CC_IRQHandler  stm32f10x_it.o
    0x08003dd0   0x00000034   Code   RO         1204    i.TIM2_IRQHandler   w5500s.o
    0x08003e04   0x00000018   Code   RO          170    i.TIM4_IRQHandler   stm32f10x_it.o
    0x08003e1c   0x00000006   Code   RO         2783    i.TIM_ClearITPendingBit  stm32f10x_tim.o
    0x08003e22   0x00000018   Code   RO         2788    i.TIM_Cmd           stm32f10x_tim.o
    0x08003e3a   0x0000001e   Code   RO         2790    i.TIM_CtrlPWMOutputs  stm32f10x_tim.o
    0x08003e58   0x000001e8   Code   RO         2793    i.TIM_DeInit        stm32f10x_tim.o
    0x08004040   0x00000022   Code   RO         2809    i.TIM_GetITStatus   stm32f10x_tim.o
    0x08004062   0x0000000c   Code   RO         2815    i.TIM_InternalClockConfig  stm32f10x_tim.o
    0x0800406e   0x00000002   PAD
    0x08004070   0x00000098   Code   RO         2817    i.TIM_OC1Init       stm32f10x_tim.o
    0x08004108   0x000000a4   Code   RO         2859    i.TIM_TimeBaseInit  stm32f10x_tim.o
    0x080041ac   0x00000012   Code   RO         2860    i.TIM_TimeBaseStructInit  stm32f10x_tim.o
    0x080041be   0x00000002   PAD
    0x080041c0   0x00000044   Code   RO          482    i.TWI_Ack           i2c.o
    0x08004204   0x00000044   Code   RO          483    i.TWI_NoAck         i2c.o
    0x08004248   0x0000005c   Code   RO          484    i.TWI_ReceiveByte   i2c.o
    0x080042a4   0x00000064   Code   RO          485    i.TWI_SendByte      i2c.o
    0x08004308   0x00000064   Code   RO          486    i.TWI_Start         i2c.o
    0x0800436c   0x0000003c   Code   RO          487    i.TWI_Stop          i2c.o
    0x080043a8   0x00000058   Code   RO          488    i.TWI_WaitAck       i2c.o
    0x08004400   0x00000038   Code   RO          833    i.TZ_Action         protection.o
    0x08004438   0x00000028   Code   RO          834    i.TZ_Reset          protection.o
    0x08004460   0x00000080   Code   RO          835    i.TZ_out            protection.o
    0x080044e0   0x000000a4   Code   RO         1305    i.USART1_IRQHandler  modbusrtu.o
    0x08004584   0x00000012   Code   RO         3332    i.USART_ClearFlag   stm32f10x_usart.o
    0x08004596   0x0000001e   Code   RO         3333    i.USART_ClearITPendingBit  stm32f10x_usart.o
    0x080045b4   0x00000018   Code   RO         3336    i.USART_Cmd         stm32f10x_usart.o
    0x080045cc   0x00000012   Code   RO         3337    i.USART_DMACmd      stm32f10x_usart.o
    0x080045de   0x0000001a   Code   RO         3339    i.USART_GetFlagStatus  stm32f10x_usart.o
    0x080045f8   0x00000054   Code   RO         3340    i.USART_GetITStatus  stm32f10x_usart.o
    0x0800464c   0x0000004a   Code   RO         3342    i.USART_ITConfig    stm32f10x_usart.o
    0x08004696   0x00000002   PAD
    0x08004698   0x000000d8   Code   RO         3343    i.USART_Init        stm32f10x_usart.o
    0x08004770   0x00000008   Code   RO         3353    i.USART_SendData    stm32f10x_usart.o
    0x08004778   0x00000004   Code   RO          171    i.UsageFault_Handler  stm32f10x_it.o
    0x0800477c   0x00000070   Code   RO         1035    i.W5500_GPIO_Configuration  w5500.o
    0x080047ec   0x00000028   Code   RO         1036    i.W5500_Hardware_Reset  w5500.o
    0x08004814   0x00000098   Code   RO         1037    i.W5500_Init        w5500.o
    0x080048ac   0x0000000e   Code   RO         1206    i.W5500_Initialization  w5500s.o
    0x080048ba   0x00000002   PAD
    0x080048bc   0x000000c4   Code   RO         1038    i.W5500_Interrupt_Process  w5500.o
    0x08004980   0x00000020   Code   RO         1039    i.W5500_NVIC_Configuration  w5500.o
    0x080049a0   0x0000006c   Code   RO         1207    i.W5500_Socket_Set  w5500s.o
    0x08004a0c   0x00000068   Code   RO          366    i.WDZ               dz.o
    0x08004a74   0x0000012c   Code   RO          918    i.WSOE              soe.o
    0x08004ba0   0x000001ec   Code   RO          367    i.WSYS              dz.o
    0x08004d8c   0x0000003c   Code   RO          368    i.Wcon              dz.o
    0x08004dc8   0x00000020   Code   RO          369    i.Wpw               dz.o
    0x08004de8   0x00000114   Code   RO         1040    i.Write_SOCK_Data_Buffer  w5500.o
    0x08004efc   0x00000034   Code   RO         1041    i.Write_W5500_1Byte  w5500.o
    0x08004f30   0x00000034   Code   RO         1042    i.Write_W5500_2Byte  w5500.o
    0x08004f64   0x00000040   Code   RO         1043    i.Write_W5500_SOCK_1Byte  w5500.o
    0x08004fa4   0x00000040   Code   RO         1044    i.Write_W5500_SOCK_2Byte  w5500.o
    0x08004fe4   0x00000058   Code   RO         1045    i.Write_W5500_SOCK_4Byte  w5500.o
    0x0800503c   0x00000048   Code   RO         1046    i.Write_W5500_nByte  w5500.o
    0x08005084   0x00000078   Code   RO          370    i.Wtime             dz.o
    0x080050fc   0x00001394   Code   RO          971    i.YCDFT             yc.o
    0x08006490   0x00000108   Code   RO          772    i.YC_data           modbus.o
    0x08006598   0x000000bc   Code   RO          773    i.YK_data           modbus.o
    0x08006654   0x00000168   Code   RO          774    i.YT_data           modbus.o
    0x080067bc   0x00000030   Code   RO          581    i.YXSOE             io.o
    0x080067ec   0x00000058   Code   RO          775    i.YX_data           modbus.o
    0x08006844   0x0000022c   Code   RO          582    i.YX_init           io.o
    0x08006a70   0x00000028   Code   RO         3678    i.__ARM_fpclassify  m_ws.l(fpclassify.o)
    0x08006a98   0x00000388   Code   RO         3683    i.__ieee754_rem_pio2  m_ws.l(rred.o)
    0x08006e20   0x000000fc   Code   RO         3661    i.__kernel_cos      m_ws.l(cos_i.o)
    0x08006f1c   0x000000aa   Code   RO         3680    i.__kernel_poly     m_ws.l(poly.o)
    0x08006fc6   0x00000002   PAD
    0x08006fc8   0x000000ec   Code   RO         3688    i.__kernel_sin      m_ws.l(sin_i.o)
    0x080070b4   0x00000010   Code   RO         3664    i.__mathlib_dbl_divzero  m_ws.l(dunder.o)
    0x080070c4   0x00000006   Code   RO         3665    i.__mathlib_dbl_infnan  m_ws.l(dunder.o)
    0x080070ca   0x00000004   Code   RO         3666    i.__mathlib_dbl_infnan2  m_ws.l(dunder.o)
    0x080070ce   0x0000000c   Code   RO         3667    i.__mathlib_dbl_invalid  m_ws.l(dunder.o)
    0x080070da   0x0000000e   Code   RO         3668    i.__mathlib_dbl_overflow  m_ws.l(dunder.o)
    0x080070e8   0x00000010   Code   RO         3670    i.__mathlib_dbl_underflow  m_ws.l(dunder.o)
    0x080070f8   0x0000000e   Code   RO         3734    i.__scatterload_copy  mc_w.l(handlers.o)
    0x08007106   0x00000002   Code   RO         3735    i.__scatterload_null  mc_w.l(handlers.o)
    0x08007108   0x0000000e   Code   RO         3736    i.__scatterload_zeroinit  mc_w.l(handlers.o)
    0x08007116   0x00000002   PAD
    0x08007118   0x0000000c   Code   RO         3716    i.__set_errno       mc_w.l(errno.o)
    0x08007124   0x00000220   Code   RO         3575    i.atan              m_ws.l(atan.o)
    0x08007344   0x0000009c   Code   RO         3585    i.cos               m_ws.l(cos.o)
    0x080073e0   0x00000058   Code   RO          836    i.fsxa              protection.o
    0x08007438   0x00000418   Code   RO            4    i.main              6021.o
    0x08007850   0x0000144c   Code   RO          695    i.menusub           menu.o
    0x08008c9c   0x000009d8   Code   RO         3593    i.pow               m_ws.l(pow.o)
    0x08009674   0x000007a0   Code   RO          837    i.protection        protection.o
    0x08009e14   0x00000040   Code   RO          838    i.protection_Init   protection.o
    0x08009e54   0x00000036   Code   RO          839    i.px                protection.o
    0x08009e8a   0x00000002   PAD
    0x08009e8c   0x00000064   Code   RO          840    i.pxI               protection.o
    0x08009ef0   0x000000a0   Code   RO         3603    i.sin               m_ws.l(sin.o)
    0x08009f90   0x0000004c   Code   RO         3611    i.sqrt              m_ws.l(sqrt.o)
    0x08009fdc   0x00000034   Code   RO         1208    i.w5500_cycle       w5500s.o
    0x0800a010   0x00000010   Code   RO         1209    i.w5500_init        w5500s.o
    0x0800a020   0x0000003e   Code   RO          489    i.writeat24c        i2c.o
    0x0800a05e   0x0000117a   Data   RO          319    .constdata          charlib.o
    0x0800b1d8   0x000003a6   Data   RO          744    .constdata          menu_content.o
    0x0800b57e   0x00000002   PAD
    0x0800b580   0x000000a0   Data   RO          973    .constdata          yc.o
    0x0800b620   0x00000200   Data   RO         1307    .constdata          modbusrtu.o
    0x0800b820   0x00000098   Data   RO         3576    .constdata          m_ws.l(atan.o)
    0x0800b8b8   0x00000088   Data   RO         3594    .constdata          m_ws.l(pow.o)
    0x0800b940   0x00000030   Data   RO         3662    .constdata          m_ws.l(cos_i.o)
    0x0800b970   0x00000008   Data   RO         3682    .constdata          m_ws.l(qnan.o)
    0x0800b978   0x000000c8   Data   RO         3685    .constdata          m_ws.l(rred.o)
    0x0800ba40   0x00000028   Data   RO         3689    .constdata          m_ws.l(sin_i.o)
    0x0800ba68   0x00000020   Data   RO         3732    Region$$Table       anon$$obj.o


    Execution Region RW_IRAM1 (Base: 0x20000000, Size: 0x00001fe8, Max: 0x00010000, ABSOLUTE, COMPRESSED[0x00000114])

    Base Addr    Size         Type   Attr      Idx    E Section Name        Object

    0x20000000   0x000000ac   Data   RW          295    .data               bianliang.o
    0x200000ac   0x000000c0   Data   RW          745    .data               menu_content.o
    0x2000016c   0x0000000c   Data   RW          842    .data               protection.o
    0x20000178   0x00000004   Data   RW          919    .data               soe.o
    0x2000017c   0x00000004   Data   RW          974    .data               yc.o
    0x20000180   0x00000024   Data   RW         1048    .data               w5500.o
    0x200001a4   0x00000008   Data   RW         1210    .data               w5500s.o
    0x200001ac   0x00000014   Data   RW         2436    .data               stm32f10x_rcc.o
    0x200001c0   0x00000004   Data   RW         3717    .data               mc_w.l(errno.o)
    0x200001c4   0x0000001c   Zero   RW          260    .bss                adc.o
    0x200001e0   0x00000106   Zero   RW          294    .bss                bianliang.o
    0x200002e6   0x00000002   PAD
    0x200002e8   0x00000500   Zero   RW          972    .bss                yc.o
    0x200007e8   0x00001000   Zero   RW         1047    .bss                w5500.o
    0x200017e8   0x00000400   Zero   RW         1306    .bss                modbusrtu.o
    0x20001be8   0x00000400   Zero   RW         3521    STACK               startup_stm32f10x_hd.o


==============================================================================

Image component sizes


      Code (inc. data)   RO Data    RW Data    ZI Data      Debug   Object Name

      1048         86          0          0          0     287046   6021.o
       592         18          0          0         28       1289   adc.o
         0          0          0        172        262       1647   bianliang.o
         0          0       4474          0          0        526   charlib.o
        12          0          0          0          0        416   delay.o
      2820        140          0          0          0       8730   dz.o
      1080         34          0          0          0       7435   i2c.o
      1262         62          0          0          0       2947   io.o
       992         36          0          0          0       3563   lcd.o
      6064        398          0          0          0       6746   menu.o
         0          0        934        192          0       1613   menu_content.o
       152         30          0          0          0       2261   misc.o
      1106         58          0          0          0       4844   modbus.o
       824         88        512          0       1024       4669   modbusrtu.o
        88         10          0          0          0        497   modbustcp.o
      2562        144          0         12          0       6374   protection.o
      2174         74          0          4          0       4359   soe.o
        36          8        304          0       1024        780   startup_stm32f10x_hd.o
       412         10          0          0          0       8395   stm32f10x_adc.o
       498         28          0          0          0       5926   stm32f10x_dma.o
       200         18          0          0          0       2292   stm32f10x_exti.o
       354          4          0          0          0       4431   stm32f10x_gpio.o
       100         16          0          0          0       5304   stm32f10x_it.o
        16          6          0          0          0        509   stm32f10x_iwdg.o
       676         88          0         20          0      11265   stm32f10x_rcc.o
       112          0          0          0          0       4086   stm32f10x_spi.o
       928        126          0          0          0       6498   stm32f10x_tim.o
       498          6          0          0          0       7796   stm32f10x_usart.o
       328         28          0          0          0       1853   system_stm32f10x.o
      2364        154          0         36       4096      17994   w5500.o
       544         62          0          8          0       5168   w5500s.o
      5260        294        160          4       1280       3946   yc.o

    ----------------------------------------------------------------------
     33128       2026       6418        448       7716     431205   Object Totals
         0          0         32          0          0          0   (incl. Generated)
        26          0          2          0          2          0   (incl. Padding)

    ----------------------------------------------------------------------

      Code (inc. data)   RO Data    RW Data    ZI Data      Debug   Library Member Name

       544         70        152          0          0        124   atan.o
       156          8          0          0          0        104   cos.o
       252         22         48          0          0        124   cos_i.o
        68         10          0          0          0        408   dunder.o
        40          0          0          0          0         68   fpclassify.o
       170          0          0          0          0         96   poly.o
      2520        190        136          0          0        324   pow.o
         0          0          8          0          0          0   qnan.o
       904         76        200          0          0        140   rred.o
       160         10          0          0          0        108   sin.o
       236         12         40          0          0        128   sin_i.o
        76          0          0          0          0         84   sqrt.o
        86          0          0          0          0          0   __dczerorl2.o
         0          0          0          0          0          0   entry.o
         0          0          0          0          0          0   entry10a.o
         0          0          0          0          0          0   entry11a.o
         8          4          0          0          0          0   entry2.o
         4          0          0          0          0          0   entry5.o
         0          0          0          0          0          0   entry7b.o
         0          0          0          0          0          0   entry8b.o
         8          4          0          0          0          0   entry9a.o
        12          6          0          4          0         68   errno.o
        30          0          0          0          0          0   handlers.o
        36          8          0          0          0         68   init.o
         0          0          0          0          0          0   iusefp.o
        30          0          0          0          0         68   llshl.o
        36          0          0          0          0         68   llsshr.o
        32          0          0          0          0         68   llushr.o
        48          0          0          0          0         68   cdcmple.o
        48          0          0          0          0         68   cdrcmple.o
        20          0          0          0          0         68   cfcmple.o
        20          0          0          0          0         68   cfrcmple.o
        56          0          0          0          0         88   d2f.o
       334          0          0          0          0        148   dadd.o
       222          0          0          0          0        100   ddiv.o
       186          0          0          0          0        176   depilogue.o
        62          0          0          0          0         80   dfixi.o
        50          0          0          0          0         76   dfixui.o
        34          0          0          0          0         76   dflti.o
        26          0          0          0          0         76   dfltui.o
       228          0          0          0          0         96   dmul.o
        46          0          0          0          0         80   dscalb.o
       162          0          0          0          0        100   dsqrt.o
        38          0          0          0          0         68   f2d.o
       176          0          0          0          0        140   fadd.o
       124          0          0          0          0         88   fdiv.o
       110          0          0          0          0        168   fepilogue.o
        50          0          0          0          0         68   ffixi.o
        40          0          0          0          0         68   ffixui.o
        18          0          0          0          0         68   fflti.o
        10          0          0          0          0         68   ffltui.o
       100          0          0          0          0         76   fmul.o

    ----------------------------------------------------------------------
      7622        420        584          4          0       4228   Library Totals
         6          0          0          0          0          0   (incl. Padding)

    ----------------------------------------------------------------------

      Code (inc. data)   RO Data    RW Data    ZI Data      Debug   Library Name

      5126        398        584          0          0       1708   m_ws.l
       282         22          0          4          0        340   mc_w.l
      2208          0          0          0          0       2180   mf_w.l

    ----------------------------------------------------------------------
      7622        420        584          4          0       4228   Library Totals

    ----------------------------------------------------------------------

==============================================================================


      Code (inc. data)   RO Data    RW Data    ZI Data      Debug   

     40750       2446       7002        452       7716     423289   Grand Totals
     40750       2446       7002        276       7716     423289   ELF Image Totals (compressed)
     40750       2446       7002        276          0          0   ROM Totals

==============================================================================

    Total RO  Size (Code + RO Data)                47752 (  46.63kB)
    Total RW  Size (RW Data + ZI Data)              8168 (   7.98kB)
    Total ROM Size (Code + RO Data + RW Data)      48028 (  46.90kB)

==============================================================================

